Archive member included because of file (symbol)

C:\Users\JABV\Documents\LPCXpresso_7.9.2_493\workspace\lpc17xx.cmsis.driver.library\Debug\liblpc17xx.cmsis.driver.library.a(lpc17xx_adc.o)
                              ./Source/main.o (ADC_Init)
C:\Users\JABV\Documents\LPCXpresso_7.9.2_493\workspace\lpc17xx.cmsis.driver.library\Debug\liblpc17xx.cmsis.driver.library.a(lpc17xx_clkpwr.o)
                              C:\Users\JABV\Documents\LPCXpresso_7.9.2_493\workspace\lpc17xx.cmsis.driver.library\Debug\liblpc17xx.cmsis.driver.library.a(lpc17xx_adc.o) (CLKPWR_GetPCLK)
C:\Users\JABV\Documents\LPCXpresso_7.9.2_493\workspace\lpc17xx.cmsis.driver.library\Debug\liblpc17xx.cmsis.driver.library.a(lpc17xx_gpio.o)
                              ./Source/Examples/SSP/SPI-writes-to-7-seg-display.o (GPIO_SetDir)
C:\Users\JABV\Documents\LPCXpresso_7.9.2_493\workspace\lpc17xx.cmsis.driver.library\Debug\liblpc17xx.cmsis.driver.library.a(lpc17xx_i2c.o)
                              ./Source/FreeRTOS-Products/FreeRTOS-Plus-IO/Device/LPC17xx/FreeRTOS_lpc17xx_i2c.o (I2C_Stop)
C:\Users\JABV\Documents\LPCXpresso_7.9.2_493\workspace\lpc17xx.cmsis.driver.library\Debug\liblpc17xx.cmsis.driver.library.a(lpc17xx_libcfg_default.o)
                              C:\Users\JABV\Documents\LPCXpresso_7.9.2_493\workspace\lpc17xx.cmsis.driver.library\Debug\liblpc17xx.cmsis.driver.library.a(lpc17xx_adc.o) (check_failed)
C:\Users\JABV\Documents\LPCXpresso_7.9.2_493\workspace\lpc17xx.cmsis.driver.library\Debug\liblpc17xx.cmsis.driver.library.a(lpc17xx_pinsel.o)
                              ./Source/FreeRTOS-Products/FreeRTOS-Plus-IO/Device/LPC17xx/FreeRTOS_lpc17xx_i2c.o (PINSEL_ConfigPin)
C:\Users\JABV\Documents\LPCXpresso_7.9.2_493\workspace\lpc17xx.cmsis.driver.library\Debug\liblpc17xx.cmsis.driver.library.a(lpc17xx_pwm.o)
                              ./Source/main.o (PWM_Init)
C:\Users\JABV\Documents\LPCXpresso_7.9.2_493\workspace\lpc17xx.cmsis.driver.library\Debug\liblpc17xx.cmsis.driver.library.a(lpc17xx_ssp.o)
                              ./Source/FreeRTOS-Products/FreeRTOS-Plus-IO/Device/LPC17xx/FreeRTOS_lpc17xx_ssp.o (SSP_Init)
C:\Users\JABV\Documents\LPCXpresso_7.9.2_493\workspace\lpc17xx.cmsis.driver.library\Debug\liblpc17xx.cmsis.driver.library.a(lpc17xx_uart.o)
                              ./Source/FreeRTOS-Products/FreeRTOS-Plus-IO/Device/LPC17xx/FreeRTOS_lpc17xx_uart.o (UART_Init)
C:\Users\JABV\Documents\LPCXpresso_7.9.2_493\workspace\CMSISv2p00_LPC17xx\Debug\libCMSISv2p00_LPC17xx.a(system_LPC17xx.o)
                              ./Source/cr_startup_lpc176x.o (SystemInit)
c:/nxp/lpcxpresso_7.9.2_493/lpcxpresso/tools/bin/../lib/gcc/arm-none-eabi/4.9.3/../../../../arm-none-eabi/lib/armv7-m\libcr_nohost.a(_cr__main.o)
                              ./Source/cr_startup_lpc176x.o (__main)
c:/nxp/lpcxpresso_7.9.2_493/lpcxpresso/tools/bin/../lib/gcc/arm-none-eabi/4.9.3/../../../../arm-none-eabi/lib/armv7-m\libcr_c.a(memcpy.o)
                              ./Source/FreeRTOS-Products/FreeRTOS-Plus-IO/Common/IOUtils_CircularBufferRx.o (memcpy)
c:/nxp/lpcxpresso_7.9.2_493/lpcxpresso/tools/bin/../lib/gcc/arm-none-eabi/4.9.3/../../../../arm-none-eabi/lib/armv7-m\libcr_c.a(memset.o)
                              ./Source/FreeRTOS-Products/FreeRTOS/tasks.o (memset)
c:/nxp/lpcxpresso_7.9.2_493/lpcxpresso/tools/bin/../lib/gcc/arm-none-eabi/4.9.3/../../../../arm-none-eabi/lib/armv7-m\libcr_c.a(initio.o)
                              c:/nxp/lpcxpresso_7.9.2_493/lpcxpresso/tools/bin/../lib/gcc/arm-none-eabi/4.9.3/../../../../arm-none-eabi/lib/armv7-m\libcr_nohost.a(_cr__main.o) (_initio)
c:/nxp/lpcxpresso_7.9.2_493/lpcxpresso/tools/bin/../lib/gcc/arm-none-eabi/4.9.3/../../../../arm-none-eabi/lib/armv7-m\libcr_c.a(memcmp.o)
                              ./Source/FreeRTOS-Products/FreeRTOS/tasks.o (memcmp)
c:/nxp/lpcxpresso_7.9.2_493/lpcxpresso/tools/bin/../lib/gcc/arm-none-eabi/4.9.3/../../../../arm-none-eabi/lib/armv7-m\libcr_c.a(setvbuf.o)
                              c:/nxp/lpcxpresso_7.9.2_493/lpcxpresso/tools/bin/../lib/gcc/arm-none-eabi/4.9.3/../../../../arm-none-eabi/lib/armv7-m\libcr_c.a(initio.o) (setvbuf)
c:/nxp/lpcxpresso_7.9.2_493/lpcxpresso/tools/bin/../lib/gcc/arm-none-eabi/4.9.3/../../../../arm-none-eabi/lib/armv7-m\libcr_c.a(stdio.o)
                              c:/nxp/lpcxpresso_7.9.2_493/lpcxpresso/tools/bin/../lib/gcc/arm-none-eabi/4.9.3/../../../../arm-none-eabi/lib/armv7-m\libcr_c.a(initio.o) (__Ciob)
c:/nxp/lpcxpresso_7.9.2_493/lpcxpresso/tools/bin/../lib/gcc/arm-none-eabi/4.9.3/../../../../arm-none-eabi/lib/armv7-m\libcr_c.a(strcat.o)
                              ./Source/FreeRTOS-Products/FreeRTOS/tasks.o (strcat)
c:/nxp/lpcxpresso_7.9.2_493/lpcxpresso/tools/bin/../lib/gcc/arm-none-eabi/4.9.3/../../../../arm-none-eabi/lib/armv7-m\libcr_c.a(strcmp.o)
                              ./Source/FreeRTOS-Products/FreeRTOS-Plus-IO/Common/FreeRTOS_DriverInterface.o (strcmp)
[...]
Memory Configuration

Name             Origin             Length             Attributes
MFlash512        0x00000000         0x00080000         xr
RamLoc32         0x10000000         0x00008000         xrw
RamAHB32         0x2007c000         0x00008000         xrw
*default*        0x00000000         0xffffffff

Linker script and memory map

LOAD ./Source/FreeRTOS-Products/FreeRTOS/portable/MemMang/heap_2.o
LOAD ./Source/FreeRTOS-Products/FreeRTOS/portable/GCC/ARM_CM3/port.o
LOAD ./Source/FreeRTOS-Products/FreeRTOS-Plus-IO/Device/LPC17xx/FreeRTOS_lpc17xx_DriverInterface.o
LOAD ./Source/FreeRTOS-Products/FreeRTOS-Plus-IO/Device/LPC17xx/FreeRTOS_lpc17xx_i2c.o
LOAD ./Source/FreeRTOS-Products/FreeRTOS-Plus-IO/Device/LPC17xx/FreeRTOS_lpc17xx_ssp.o
LOAD ./Source/FreeRTOS-Products/FreeRTOS-Plus-IO/Device/LPC17xx/FreeRTOS_lpc17xx_uart.o
LOAD ./Source/FreeRTOS-Products/FreeRTOS-Plus-IO/Common/FreeRTOS_DriverInterface.o
LOAD ./Source/FreeRTOS-Products/FreeRTOS-Plus-IO/Common/FreeRTOS_IOUtils.o
LOAD ./Source/FreeRTOS-Products/FreeRTOS-Plus-IO/Common/IOUtils_CharQueueTxAndRx.o
LOAD ./Source/FreeRTOS-Products/FreeRTOS-Plus-IO/Common/IOUtils_CircularBufferRx.o
LOAD ./Source/FreeRTOS-Products/FreeRTOS-Plus-IO/Common/IOUtils_ZeroCopyTx.o
LOAD ./Source/FreeRTOS-Products/FreeRTOS-Plus-CLI/FreeRTOS_CLI.o
LOAD ./Source/FreeRTOS-Products/FreeRTOS/croutine.o
LOAD ./Source/FreeRTOS-Products/FreeRTOS/list.o
LOAD ./Source/FreeRTOS-Products/FreeRTOS/queue.o
LOAD ./Source/FreeRTOS-Products/FreeRTOS/tasks.o
LOAD ./Source/FreeRTOS-Products/FreeRTOS/timers.o
LOAD ./Source/Examples/UART/UART-interrupt-driven-command-console.o
LOAD ./Source/Examples/UART/UART-operation-modes-test.o
LOAD ./Source/Examples/SSP/SPI-writes-to-7-seg-display.o
LOAD ./Source/Examples/I2C/I2C-coordinator.o
LOAD ./Source/Examples/I2C/I2C-to-OLED.o
LOAD ./Source/Examples/I2C/I2C-to-and-from-EEPROM.o
LOAD ./Source/Examples/I2C/font5x7.o
LOAD ./Source/Examples/I2C/oled.o
LOAD ./Source/Examples/GPIO/GPIO-output-and-software-timers.o
LOAD ./Source/cr_startup_lpc176x.o
LOAD ./Source/main.o
LOAD ./Source/printf-stdarg.o
LOAD C:\Users\JABV\Documents\LPCXpresso_7.9.2_493\workspace\lpc17xx.cmsis.driver.library\Debug\liblpc17xx.cmsis.driver.library.a
LOAD C:\Users\JABV\Documents\LPCXpresso_7.9.2_493\workspace\CMSISv2p00_LPC17xx\Debug\libCMSISv2p00_LPC17xx.a
START GROUP
LOAD c:/nxp/lpcxpresso_7.9.2_493/lpcxpresso/tools/bin/../lib/gcc/arm-none-eabi/4.9.3/../../../../arm-none-eabi/lib/armv7-m\libcr_nohost.a
LOAD c:/nxp/lpcxpresso_7.9.2_493/lpcxpresso/tools/bin/../lib/gcc/arm-none-eabi/4.9.3/../../../../arm-none-eabi/lib/armv7-m\libcr_c.a
LOAD c:/nxp/lpcxpresso_7.9.2_493/lpcxpresso/tools/bin/../lib/gcc/arm-none-eabi/4.9.3/armv7-m\libcr_eabihelpers.a
END GROUP
                0x00000000                __base_MFlash512 = 0x0
                0x00000000                __base_Flash = 0x0
                0x00080000                __top_MFlash512 = 0x80000
                0x00080000                __top_Flash = 0x80000
                0x10000000                __base_RamLoc32 = 0x10000000
                0x10000000                __base_RAM = 0x10000000
                0x10008000                __top_RamLoc32 = 0x10008000
                0x10008000                __top_RAM = 0x10008000
                0x2007c000                __base_RamAHB32 = 0x2007c000
                0x2007c000                __base_RAM2 = 0x2007c000
                0x20084000                __top_RamAHB32 = 0x20084000
                0x20084000                __top_RAM2 = 0x20084000

.text           0x00000000     0x4b5c
 FILL mask 0xff
                0x00000000                __vectors_start__ = ABSOLUTE (.)
 *(.isr_vector)
 .isr_vector    0x00000000       0xcc ./Source/cr_startup_lpc176x.o
                0x00000000                g_pfnVectors
                0x000000cc                . = ALIGN (0x4)
                0x000000cc                __section_table_start = .
                0x000000cc                __data_section_table = .
                0x000000cc        0x4 LONG 0x4b5c LOADADDR (.data)
                0x000000d0        0x4 LONG 0x10000000 ADDR (.data)
                0x000000d4        0x4 LONG 0x10 SIZEOF (.data)
                0x000000d8        0x4 LONG 0x4b5c LOADADDR (.data_RAM2)
                0x000000dc        0x4 LONG 0x2007c000 ADDR (.data_RAM2)
                0x000000e0        0x4 LONG 0x0 SIZEOF (.data_RAM2)
                0x000000e4                __data_section_table_end = .
                0x000000e4                __bss_section_table = .
                0x000000e4        0x4 LONG 0x10000010 ADDR (.bss)
                0x000000e8        0x4 LONG 0x3f5c SIZEOF (.bss)
                0x000000ec        0x4 LONG 0x2007c000 ADDR (.bss_RAM2)
                0x000000f0        0x4 LONG 0x0 SIZEOF (.bss_RAM2)
                0x000000f4                __bss_section_table_end = .
                0x000000f4                __section_table_end = .
 *(.after_vectors*)
 .after_vectors
                0x000000f4       0x9c ./Source/cr_startup_lpc176x.o
                0x000000f4                NMI_Handler
                0x000000f6                HardFault_Handler
                0x00000112                MemManage_Handler
                0x00000114                BusFault_Handler
                0x00000116                UsageFault_Handler
                0x0000011a                DebugMon_Handler
                0x00000120                RIT_IRQHandler
                0x00000120                I2C1_IRQHandler
                0x00000120                USBActivity_IRQHandler
                0x00000120                UART1_IRQHandler
                0x00000120                EINT3_IRQHandler
                0x00000120                CANActivity_IRQHandler
                0x00000120                EINT2_IRQHandler
                0x00000120                PWM1_IRQHandler
                0x00000120                UART0_IRQHandler
                0x00000120                MCPWM_IRQHandler
                0x00000120                I2C0_IRQHandler
                0x00000120                IntDefaultHandler
                0x00000120                PLL0_IRQHandler
                0x00000120                CAN_IRQHandler
                0x00000120                PLL1_IRQHandler
                0x00000120                SSP0_IRQHandler
                0x00000120                I2S_IRQHandler
                0x00000120                RTC_IRQHandler
                0x00000120                TIMER0_IRQHandler
                0x00000120                SPI_IRQHandler
                0x00000120                TIMER3_IRQHandler
                0x00000120                EINT1_IRQHandler
                0x00000120                TIMER1_IRQHandler
                0x00000120                UART2_IRQHandler
                0x00000120                ADC_IRQHandler
                0x00000120                USB_IRQHandler
                0x00000120                BOD_IRQHandler
                0x00000120                TIMER2_IRQHandler
                0x00000120                WDT_IRQHandler
                0x00000120                QEI_IRQHandler
                0x00000120                EINT0_IRQHandler
                0x00000120                DMA_IRQHandler
                0x00000120                ENET_IRQHandler
                0x00000122                data_init
                0x00000138                bss_init
                0x0000014a                ResetISR
 *(.text*)
 .text.pvPortMalloc
                0x00000190      0x150 ./Source/FreeRTOS-Products/FreeRTOS/portable/MemMang/heap_2.o
                0x00000190                pvPortMalloc
 .text.vPortFree
                0x000002e0       0x70 ./Source/FreeRTOS-Products/FreeRTOS/portable/MemMang/heap_2.o
                0x000002e0                vPortFree
 .text.pxPortInitialiseStack
                0x00000350       0x54 ./Source/FreeRTOS-Products/FreeRTOS/portable/GCC/ARM_CM3/port.o
                0x00000350                pxPortInitialiseStack
 .text.SVCall_Handler
                0x000003a4       0x20 ./Source/FreeRTOS-Products/FreeRTOS/portable/GCC/ARM_CM3/port.o
                0x000003a4                SVCall_Handler
 .text.vPortStartFirstTask
                0x000003c4       0x14 ./Source/FreeRTOS-Products/FreeRTOS/portable/GCC/ARM_CM3/port.o
                0x000003c4                vPortStartFirstTask
 .text.xPortStartScheduler
                0x000003d8       0x38 ./Source/FreeRTOS-Products/FreeRTOS/portable/GCC/ARM_CM3/port.o
                0x000003d8                xPortStartScheduler
 .text.vPortYieldFromISR
                0x00000410       0x18 ./Source/FreeRTOS-Products/FreeRTOS/portable/GCC/ARM_CM3/port.o
                0x00000410                vPortYieldFromISR
 .text.vPortEnterCritical
                0x00000428       0x24 ./Source/FreeRTOS-Products/FreeRTOS/portable/GCC/ARM_CM3/port.o
                0x00000428                vPortEnterCritical
 .text.vPortExitCritical
                0x0000044c       0x2c ./Source/FreeRTOS-Products/FreeRTOS/portable/GCC/ARM_CM3/port.o
                0x0000044c                vPortExitCritical
 .text.PendSV_Handler
                0x00000478       0x3c ./Source/FreeRTOS-Products/FreeRTOS/portable/GCC/ARM_CM3/port.o
                0x00000478                PendSV_Handler
 .text.SysTick_Handler
                0x000004b4       0x30 ./Source/FreeRTOS-Products/FreeRTOS/portable/GCC/ARM_CM3/port.o
                0x000004b4                SysTick_Handler
 .text.prvSetupTimerInterrupt
                0x000004e4       0x34 ./Source/FreeRTOS-Products/FreeRTOS/portable/GCC/ARM_CM3/port.o
 .text.I2C2_IRQHandler
                0x00000518      0x29c ./Source/FreeRTOS-Products/FreeRTOS-Plus-IO/Device/LPC17xx/FreeRTOS_lpc17xx_i2c.o
                0x00000518                I2C2_IRQHandler
 .text.SSP1_IRQHandler
                0x000007b4      0x12c ./Source/FreeRTOS-Products/FreeRTOS-Plus-IO/Device/LPC17xx/FreeRTOS_lpc17xx_ssp.o
                0x000007b4                SSP1_IRQHandler
 .text.UART3_IRQHandler
                0x000008e0      0x238 ./Source/FreeRTOS-Products/FreeRTOS-Plus-IO/Device/LPC17xx/FreeRTOS_lpc17xx_uart.o
                0x000008e0                UART3_IRQHandler
 .text.vListInitialise
                0x00000b18       0x40 ./Source/FreeRTOS-Products/FreeRTOS/list.o
                0x00000b18                vListInitialise
 .text.vListInitialiseItem
                0x00000b58       0x18 ./Source/FreeRTOS-Products/FreeRTOS/list.o
                0x00000b58                vListInitialiseItem
 .text.vListInsertEnd
                0x00000b70       0x50 ./Source/FreeRTOS-Products/FreeRTOS/list.o
                0x00000b70                vListInsertEnd
 .text.vListInsert
                0x00000bc0       0x70 ./Source/FreeRTOS-Products/FreeRTOS/list.o
                0x00000bc0                vListInsert
 .text.vListRemove
                0x00000c30       0x50 ./Source/FreeRTOS-Products/FreeRTOS/list.o
                0x00000c30                vListRemove
 .text.xQueueGenericReset
                0x00000c80       0xac ./Source/FreeRTOS-Products/FreeRTOS/queue.o
                0x00000c80                xQueueGenericReset
 .text.xQueueGenericCreate
                0x00000d2c       0x88 ./Source/FreeRTOS-Products/FreeRTOS/queue.o
                0x00000d2c                xQueueGenericCreate
 .text.xQueueGenericSend
                0x00000db4      0x140 ./Source/FreeRTOS-Products/FreeRTOS/queue.o
                0x00000db4                xQueueGenericSend
 .text.xQueueGenericSendFromISR
                0x00000ef4       0xc4 ./Source/FreeRTOS-Products/FreeRTOS/queue.o
                0x00000ef4                xQueueGenericSendFromISR
 .text.xQueueGenericReceive
                0x00000fb8      0x1a0 ./Source/FreeRTOS-Products/FreeRTOS/queue.o
                0x00000fb8                xQueueGenericReceive
 .text.xQueueReceiveFromISR
                0x00001158       0xc4 ./Source/FreeRTOS-Products/FreeRTOS/queue.o
                0x00001158                xQueueReceiveFromISR
 .text.prvCopyDataToQueue
                0x0000121c       0xb8 ./Source/FreeRTOS-Products/FreeRTOS/queue.o
 .text.prvCopyDataFromQueue
                0x000012d4       0x4c ./Source/FreeRTOS-Products/FreeRTOS/queue.o
 .text.prvUnlockQueue
                0x00001320       0x98 ./Source/FreeRTOS-Products/FreeRTOS/queue.o
 .text.prvIsQueueEmpty
                0x000013b8       0x2c ./Source/FreeRTOS-Products/FreeRTOS/queue.o
 .text.prvIsQueueFull
                0x000013e4       0x30 ./Source/FreeRTOS-Products/FreeRTOS/queue.o
 .text.vQueueWaitForMessageRestricted
                0x00001414       0x54 ./Source/FreeRTOS-Products/FreeRTOS/queue.o
                0x00001414                vQueueWaitForMessageRestricted
 .text.xTaskGenericCreate
                0x00001468      0x1a4 ./Source/FreeRTOS-Products/FreeRTOS/tasks.o
                0x00001468                xTaskGenericCreate
 .text.vTaskDelete
                0x0000160c       0x98 ./Source/FreeRTOS-Products/FreeRTOS/tasks.o
                0x0000160c                vTaskDelete
 .text.vTaskDelay
                0x000016a4       0x50 ./Source/FreeRTOS-Products/FreeRTOS/tasks.o
                0x000016a4                vTaskDelay
 .text.vTaskSuspend
                0x000016f4       0x98 ./Source/FreeRTOS-Products/FreeRTOS/tasks.o
                0x000016f4                vTaskSuspend
 .text.xTaskIsTaskSuspended
                0x0000178c       0x58 ./Source/FreeRTOS-Products/FreeRTOS/tasks.o
                0x0000178c                xTaskIsTaskSuspended
 .text.vTaskResume
                0x000017e4       0xa0 ./Source/FreeRTOS-Products/FreeRTOS/tasks.o
                0x000017e4                vTaskResume
 .text.vTaskStartScheduler
                0x00001884       0x78 ./Source/FreeRTOS-Products/FreeRTOS/tasks.o
                0x00001884                vTaskStartScheduler
 .text.vTaskSuspendAll
                0x000018fc       0x1c ./Source/FreeRTOS-Products/FreeRTOS/tasks.o
                0x000018fc                vTaskSuspendAll
 .text.xTaskResumeAll
                0x00001918      0x108 ./Source/FreeRTOS-Products/FreeRTOS/tasks.o
                0x00001918                xTaskResumeAll
 .text.xTaskGetTickCount
                0x00001a20       0x24 ./Source/FreeRTOS-Products/FreeRTOS/tasks.o
                0x00001a20                xTaskGetTickCount
 .text.xTaskGetTickCountFromISR
                0x00001a44       0x34 ./Source/FreeRTOS-Products/FreeRTOS/tasks.o
                0x00001a44                xTaskGetTickCountFromISR
 .text.vTaskIncrementTick
                0x00001a78      0x140 ./Source/FreeRTOS-Products/FreeRTOS/tasks.o
                0x00001a78                vTaskIncrementTick
 .text.vTaskSwitchContext
                0x00001bb8      0x110 ./Source/FreeRTOS-Products/FreeRTOS/tasks.o
                0x00001bb8                vTaskSwitchContext
 .text.vTaskPlaceOnEventList
                0x00001cc8       0x70 ./Source/FreeRTOS-Products/FreeRTOS/tasks.o
                0x00001cc8                vTaskPlaceOnEventList
 .text.vTaskPlaceOnEventListRestricted
                0x00001d38       0x54 ./Source/FreeRTOS-Products/FreeRTOS/tasks.o
                0x00001d38                vTaskPlaceOnEventListRestricted
 .text.xTaskRemoveFromEventList
                0x00001d8c       0xb0 ./Source/FreeRTOS-Products/FreeRTOS/tasks.o
                0x00001d8c                xTaskRemoveFromEventList
 .text.vTaskSetTimeOutState
                0x00001e3c       0x3c ./Source/FreeRTOS-Products/FreeRTOS/tasks.o
                0x00001e3c                vTaskSetTimeOutState
 .text.xTaskCheckForTimeOut
                0x00001e78       0xa8 ./Source/FreeRTOS-Products/FreeRTOS/tasks.o
                0x00001e78                xTaskCheckForTimeOut
 .text.vTaskMissedYield
                0x00001f20       0x18 ./Source/FreeRTOS-Products/FreeRTOS/tasks.o
                0x00001f20                vTaskMissedYield
 .text.prvIdleTask
                0x00001f38       0x10 ./Source/FreeRTOS-Products/FreeRTOS/tasks.o
 .text.prvInitialiseTCBVariables
                0x00001f48       0x70 ./Source/FreeRTOS-Products/FreeRTOS/tasks.o
 .text.prvInitialiseTaskLists
                0x00001fb8       0x7c ./Source/FreeRTOS-Products/FreeRTOS/tasks.o
 .text.prvCheckTasksWaitingTermination
                0x00002034       0x74 ./Source/FreeRTOS-Products/FreeRTOS/tasks.o
 .text.prvAddCurrentTaskToDelayedList
                0x000020a8       0x6c ./Source/FreeRTOS-Products/FreeRTOS/tasks.o
 .text.prvAllocateTCBAndStack
                0x00002114       0x64 ./Source/FreeRTOS-Products/FreeRTOS/tasks.o
 .text.prvDeleteTCB
                0x00002178       0x20 ./Source/FreeRTOS-Products/FreeRTOS/tasks.o
 .text.xTaskGetCurrentTaskHandle
                0x00002198       0x20 ./Source/FreeRTOS-Products/FreeRTOS/tasks.o
                0x00002198                xTaskGetCurrentTaskHandle
 .text.xTaskGetSchedulerState
                0x000021b8       0x3c ./Source/FreeRTOS-Products/FreeRTOS/tasks.o
                0x000021b8                xTaskGetSchedulerState
 .text.vTaskPriorityInherit
                0x000021f4       0xb4 ./Source/FreeRTOS-Products/FreeRTOS/tasks.o
                0x000021f4                vTaskPriorityInherit
 .text.vTaskPriorityDisinherit
                0x000022a8       0x7c ./Source/FreeRTOS-Products/FreeRTOS/tasks.o
                0x000022a8                vTaskPriorityDisinherit
 .text.xTimerCreateTimerTask
                0x00002324       0x5c ./Source/FreeRTOS-Products/FreeRTOS/timers.o
                0x00002324                xTimerCreateTimerTask
 .text.xTimerGenericCommand
                0x00002380       0x8c ./Source/FreeRTOS-Products/FreeRTOS/timers.o
                0x00002380                xTimerGenericCommand
 .text.prvProcessExpiredTimer
                0x0000240c       0x74 ./Source/FreeRTOS-Products/FreeRTOS/timers.o
 .text.prvTimerTask
                0x00002480       0x24 ./Source/FreeRTOS-Products/FreeRTOS/timers.o
 .text.prvProcessTimerOrBlockTask
                0x000024a4       0x6c ./Source/FreeRTOS-Products/FreeRTOS/timers.o
 .text.prvGetNextExpireTime
                0x00002510       0x48 ./Source/FreeRTOS-Products/FreeRTOS/timers.o
 .text.prvSampleTimeNow
                0x00002558       0x44 ./Source/FreeRTOS-Products/FreeRTOS/timers.o
 .text.prvInsertTimerInActiveList
                0x0000259c       0x84 ./Source/FreeRTOS-Products/FreeRTOS/timers.o
 .text.prvProcessReceivedCommands
                0x00002620       0xfc ./Source/FreeRTOS-Products/FreeRTOS/timers.o
 .text.prvSwitchTimerLists
                0x0000271c       0xb8 ./Source/FreeRTOS-Products/FreeRTOS/timers.o
 .text.prvCheckForValidListAndQueue
                0x000027d4       0x54 ./Source/FreeRTOS-Products/FreeRTOS/timers.o
 .text.pop_registers_from_fault_stack
                0x00002828       0x24 ./Source/cr_startup_lpc176x.o
                0x00002828                pop_registers_from_fault_stack
 .text.main     0x0000284c       0x60 ./Source/main.o
                0x0000284c                main
 .text.config   0x000028ac       0x68 ./Source/main.o
                0x000028ac                config
 .text.configurePWMpin
                0x00002914       0x68 ./Source/main.o
                0x00002914                configurePWMpin
 .text.setPWM   0x0000297c       0x24 ./Source/main.o
                0x0000297c                setPWM
 .text.inicializarMotores
                0x000029a0       0xe0 ./Source/main.o
                0x000029a0                inicializarMotores
 .text.motorDerecho
                0x00002a80       0x38 ./Source/main.o
                0x00002a80                motorDerecho
 .text.motorIzquierdo
                0x00002ab8       0x3c ./Source/main.o
                0x00002ab8                motorIzquierdo
 .text.configureADC
                0x00002af4       0x30 ./Source/main.o
                0x00002af4                configureADC
 .text.initADC  0x00002b24       0x94 ./Source/main.o
                0x00002b24                initADC
 .text.readADC  0x00002bb8       0x70 ./Source/main.o
                0x00002bb8                readADC
 .text.buscarOponenteDerecha
                0x00002c28      0x13c ./Source/main.o
                0x00002c28                buscarOponenteDerecha
 .text.vTaskBuscarEncontrar
                0x00002d64       0x54 ./Source/main.o
                0x00002d64                vTaskBuscarEncontrar
 .text.leerSensoresPiso
                0x00002db8       0xac ./Source/main.o
                0x00002db8                leerSensoresPiso
 .text.vTaskRevisarSensoresPiso
                0x00002e64       0xb8 ./Source/main.o
                0x00002e64                vTaskRevisarSensoresPiso
 .text.delay    0x00002f1c       0x34 ./Source/main.o
                0x00002f1c                delay
 .text.vTaskQuienSensoPiso
                0x00002f50      0x188 ./Source/main.o
                0x00002f50                vTaskQuienSensoPiso
 .text.vTaskEsperarBoton
                0x000030d8       0xf0 ./Source/main.o
                0x000030d8                vTaskEsperarBoton
 .text.vMainConfigureTimerForRunTimeStats
                0x000031c8       0x28 ./Source/main.o
                0x000031c8                vMainConfigureTimerForRunTimeStats
 .text.ulMainGetRunTimeCounterValue
                0x000031f0       0x8c ./Source/main.o
                0x000031f0                ulMainGetRunTimeCounterValue
 .text.vApplicationStackOverflowHook
                0x0000327c       0x14 ./Source/main.o
                0x0000327c                vApplicationStackOverflowHook
 .text.vApplicationMallocFailedHook
                0x00003290       0x10 ./Source/main.o
                0x00003290                vApplicationMallocFailedHook
 .text.ADC_Init
                0x000032a0       0x84 C:\Users\JABV\Documents\LPCXpresso_7.9.2_493\workspace\lpc17xx.cmsis.driver.library\Debug\liblpc17xx.cmsis.driver.library.a(lpc17xx_adc.o)
                0x000032a0                ADC_Init
 .text.ADC_StartCmd
                0x00003324       0x7c C:\Users\JABV\Documents\LPCXpresso_7.9.2_493\workspace\lpc17xx.cmsis.driver.library\Debug\liblpc17xx.cmsis.driver.library.a(lpc17xx_adc.o)
                0x00003324                ADC_StartCmd
 .text.ADC_BurstCmd
                0x000033a0       0x48 C:\Users\JABV\Documents\LPCXpresso_7.9.2_493\workspace\lpc17xx.cmsis.driver.library\Debug\liblpc17xx.cmsis.driver.library.a(lpc17xx_adc.o)
                0x000033a0                ADC_BurstCmd
 .text.ADC_IntConfig
                0x000033e8       0x98 C:\Users\JABV\Documents\LPCXpresso_7.9.2_493\workspace\lpc17xx.cmsis.driver.library\Debug\liblpc17xx.cmsis.driver.library.a(lpc17xx_adc.o)
                0x000033e8                ADC_IntConfig
 .text.ADC_ChannelCmd
                0x00003480       0x5c C:\Users\JABV\Documents\LPCXpresso_7.9.2_493\workspace\lpc17xx.cmsis.driver.library\Debug\liblpc17xx.cmsis.driver.library.a(lpc17xx_adc.o)
                0x00003480                ADC_ChannelCmd
 .text.ADC_ChannelGetData
                0x000034dc       0x48 C:\Users\JABV\Documents\LPCXpresso_7.9.2_493\workspace\lpc17xx.cmsis.driver.library\Debug\liblpc17xx.cmsis.driver.library.a(lpc17xx_adc.o)
                0x000034dc                ADC_ChannelGetData
 .text.CLKPWR_SetPCLKDiv
                0x00003524       0x8c C:\Users\JABV\Documents\LPCXpresso_7.9.2_493\workspace\lpc17xx.cmsis.driver.library\Debug\liblpc17xx.cmsis.driver.library.a(lpc17xx_clkpwr.o)
                0x00003524                CLKPWR_SetPCLKDiv
 .text.CLKPWR_GetPCLKSEL
                0x000035b0       0x4c C:\Users\JABV\Documents\LPCXpresso_7.9.2_493\workspace\lpc17xx.cmsis.driver.library\Debug\liblpc17xx.cmsis.driver.library.a(lpc17xx_clkpwr.o)
                0x000035b0                CLKPWR_GetPCLKSEL
 .text.CLKPWR_GetPCLK
                0x000035fc       0x64 C:\Users\JABV\Documents\LPCXpresso_7.9.2_493\workspace\lpc17xx.cmsis.driver.library\Debug\liblpc17xx.cmsis.driver.library.a(lpc17xx_clkpwr.o)
                0x000035fc                CLKPWR_GetPCLK
 .text.CLKPWR_ConfigPPWR
                0x00003660       0x58 C:\Users\JABV\Documents\LPCXpresso_7.9.2_493\workspace\lpc17xx.cmsis.driver.library\Debug\liblpc17xx.cmsis.driver.library.a(lpc17xx_clkpwr.o)
                0x00003660                CLKPWR_ConfigPPWR
 .text.NVIC_EnableIRQ
                0x000036b8       0x30 C:\Users\JABV\Documents\LPCXpresso_7.9.2_493\workspace\lpc17xx.cmsis.driver.library\Debug\liblpc17xx.cmsis.driver.library.a(lpc17xx_i2c.o)
 .text.NVIC_DisableIRQ
                0x000036e8       0x34 C:\Users\JABV\Documents\LPCXpresso_7.9.2_493\workspace\lpc17xx.cmsis.driver.library\Debug\liblpc17xx.cmsis.driver.library.a(lpc17xx_i2c.o)
 .text.I2C_Stop
                0x0000371c       0x30 C:\Users\JABV\Documents\LPCXpresso_7.9.2_493\workspace\lpc17xx.cmsis.driver.library\Debug\liblpc17xx.cmsis.driver.library.a(lpc17xx_i2c.o)
                0x0000371c                I2C_Stop
 .text.I2C_IntCmd
                0x0000374c       0x84 C:\Users\JABV\Documents\LPCXpresso_7.9.2_493\workspace\lpc17xx.cmsis.driver.library\Debug\liblpc17xx.cmsis.driver.library.a(lpc17xx_i2c.o)
                0x0000374c                I2C_IntCmd
 .text.check_failed
                0x000037d0        0xc C:\Users\JABV\Documents\LPCXpresso_7.9.2_493\workspace\lpc17xx.cmsis.driver.library\Debug\liblpc17xx.cmsis.driver.library.a(lpc17xx_libcfg_default.o)
                0x000037d0                check_failed
 .text.set_PinFunc
                0x000037dc       0x80 C:\Users\JABV\Documents\LPCXpresso_7.9.2_493\workspace\lpc17xx.cmsis.driver.library\Debug\liblpc17xx.cmsis.driver.library.a(lpc17xx_pinsel.o)
 .text.set_ResistorMode
                0x0000385c       0x80 C:\Users\JABV\Documents\LPCXpresso_7.9.2_493\workspace\lpc17xx.cmsis.driver.library\Debug\liblpc17xx.cmsis.driver.library.a(lpc17xx_pinsel.o)
 .text.set_OpenDrainMode
                0x000038dc       0x6c C:\Users\JABV\Documents\LPCXpresso_7.9.2_493\workspace\lpc17xx.cmsis.driver.library\Debug\liblpc17xx.cmsis.driver.library.a(lpc17xx_pinsel.o)
 .text.PINSEL_ConfigPin
                0x00003948       0x50 C:\Users\JABV\Documents\LPCXpresso_7.9.2_493\workspace\lpc17xx.cmsis.driver.library\Debug\liblpc17xx.cmsis.driver.library.a(lpc17xx_pinsel.o)
                0x00003948                PINSEL_ConfigPin
 .text.PWM_Init
                0x00003998      0x168 C:\Users\JABV\Documents\LPCXpresso_7.9.2_493\workspace\lpc17xx.cmsis.driver.library\Debug\liblpc17xx.cmsis.driver.library.a(lpc17xx_pwm.o)
                0x00003998                PWM_Init
 .text.PWM_Cmd  0x00003b00       0x60 C:\Users\JABV\Documents\LPCXpresso_7.9.2_493\workspace\lpc17xx.cmsis.driver.library\Debug\liblpc17xx.cmsis.driver.library.a(lpc17xx_pwm.o)
                0x00003b00                PWM_Cmd
 .text.PWM_CounterCmd
                0x00003b60       0x64 C:\Users\JABV\Documents\LPCXpresso_7.9.2_493\workspace\lpc17xx.cmsis.driver.library\Debug\liblpc17xx.cmsis.driver.library.a(lpc17xx_pwm.o)
                0x00003b60                PWM_CounterCmd
 .text.PWM_ResetCounter
                0x00003bc4       0x40 C:\Users\JABV\Documents\LPCXpresso_7.9.2_493\workspace\lpc17xx.cmsis.driver.library\Debug\liblpc17xx.cmsis.driver.library.a(lpc17xx_pwm.o)
                0x00003bc4                PWM_ResetCounter
 .text.PWM_ConfigMatch
                0x00003c04      0x19c C:\Users\JABV\Documents\LPCXpresso_7.9.2_493\workspace\lpc17xx.cmsis.driver.library\Debug\liblpc17xx.cmsis.driver.library.a(lpc17xx_pwm.o)
                0x00003c04                PWM_ConfigMatch
 .text.PWM_MatchUpdate
                0x00003da0       0xf4 C:\Users\JABV\Documents\LPCXpresso_7.9.2_493\workspace\lpc17xx.cmsis.driver.library\Debug\liblpc17xx.cmsis.driver.library.a(lpc17xx_pwm.o)
                0x00003da0                PWM_MatchUpdate
 .text.PWM_ChannelConfig
                0x00003e94       0xb0 C:\Users\JABV\Documents\LPCXpresso_7.9.2_493\workspace\lpc17xx.cmsis.driver.library\Debug\liblpc17xx.cmsis.driver.library.a(lpc17xx_pwm.o)
                0x00003e94                PWM_ChannelConfig
 .text.PWM_ChannelCmd
                0x00003f44       0x9c C:\Users\JABV\Documents\LPCXpresso_7.9.2_493\workspace\lpc17xx.cmsis.driver.library\Debug\liblpc17xx.cmsis.driver.library.a(lpc17xx_pwm.o)
                0x00003f44                PWM_ChannelCmd
 .text.UART_GetIntId
                0x00003fe0       0x58 C:\Users\JABV\Documents\LPCXpresso_7.9.2_493\workspace\lpc17xx.cmsis.driver.library\Debug\liblpc17xx.cmsis.driver.library.a(lpc17xx_uart.o)
                0x00003fe0                UART_GetIntId
 .text.SystemInit
                0x00004038       0xe0 C:\Users\JABV\Documents\LPCXpresso_7.9.2_493\workspace\CMSISv2p00_LPC17xx\Debug\libCMSISv2p00_LPC17xx.a(system_LPC17xx.o)
                0x00004038                SystemInit
 .text.__main   0x00004118       0x14 c:/nxp/lpcxpresso_7.9.2_493/lpcxpresso/tools/bin/../lib/gcc/arm-none-eabi/4.9.3/../../../../arm-none-eabi/lib/armv7-m\libcr_nohost.a(_cr__main.o)
                0x00004118                __main
 .text.memcpy   0x0000412c        0x4 c:/nxp/lpcxpresso_7.9.2_493/lpcxpresso/tools/bin/../lib/gcc/arm-none-eabi/4.9.3/../../../../arm-none-eabi/lib/armv7-m\libcr_c.a(memcpy.o)
                0x0000412c                memcpy
 .text.memset   0x00004130        0x4 c:/nxp/lpcxpresso_7.9.2_493/lpcxpresso/tools/bin/../lib/gcc/arm-none-eabi/4.9.3/../../../../arm-none-eabi/lib/armv7-m\libcr_c.a(memset.o)
                0x00004130                memset
 .text._initio  0x00004134       0xa4 c:/nxp/lpcxpresso_7.9.2_493/lpcxpresso/tools/bin/../lib/gcc/arm-none-eabi/4.9.3/../../../../arm-none-eabi/lib/armv7-m\libcr_c.a(initio.o)
                0x00004134                _initio
 .text.memcmp   0x000041d8       0x42 c:/nxp/lpcxpresso_7.9.2_493/lpcxpresso/tools/bin/../lib/gcc/arm-none-eabi/4.9.3/../../../../arm-none-eabi/lib/armv7-m\libcr_c.a(memcmp.o)
                0x000041d8                memcmp
 *fill*         0x0000421a        0x2 
 .text.setvbuf  0x0000421c       0x40 c:/nxp/lpcxpresso_7.9.2_493/lpcxpresso/tools/bin/../lib/gcc/arm-none-eabi/4.9.3/../../../../arm-none-eabi/lib/armv7-m\libcr_c.a(setvbuf.o)
                0x0000421c                setvbuf
 .text.strlen   0x0000425c       0x4a c:/nxp/lpcxpresso_7.9.2_493/lpcxpresso/tools/bin/../lib/gcc/arm-none-eabi/4.9.3/../../../../arm-none-eabi/lib/armv7-m\libcr_c.a(strlen.o)
                0x0000425c                strlen
 .text.strncpy  0x000042a6       0x58 c:/nxp/lpcxpresso_7.9.2_493/lpcxpresso/tools/bin/../lib/gcc/arm-none-eabi/4.9.3/../../../../arm-none-eabi/lib/armv7-m\libcr_c.a(strncpy.o)
                0x000042a6                strncpy
 .text._deferredlazyseek
                0x000042fe       0x44 c:/nxp/lpcxpresso_7.9.2_493/lpcxpresso/tools/bin/../lib/gcc/arm-none-eabi/4.9.3/../../../../arm-none-eabi/lib/armv7-m\libcr_c.a(_deferredlazyseek.o)
                0x000042fe                _deferredlazyseek
 .text._fdopen  0x00004342       0x6a c:/nxp/lpcxpresso_7.9.2_493/lpcxpresso/tools/bin/../lib/gcc/arm-none-eabi/4.9.3/../../../../arm-none-eabi/lib/armv7-m\libcr_c.a(_fdopen.o)
                0x00004342                _fdopen
 .text._fflush  0x000043ac       0x58 c:/nxp/lpcxpresso_7.9.2_493/lpcxpresso/tools/bin/../lib/gcc/arm-none-eabi/4.9.3/../../../../arm-none-eabi/lib/armv7-m\libcr_c.a(_fflush.o)
                0x000043ac                _fflush
 .text._Cwritebuf
                0x00004404       0x68 c:/nxp/lpcxpresso_7.9.2_493/lpcxpresso/tools/bin/../lib/gcc/arm-none-eabi/4.9.3/../../../../arm-none-eabi/lib/armv7-m\libcr_c.a(_writebuf.o)
                0x00004404                _Cwritebuf
 .text.malloc   0x0000446c       0xcc c:/nxp/lpcxpresso_7.9.2_493/lpcxpresso/tools/bin/../lib/gcc/arm-none-eabi/4.9.3/../../../../arm-none-eabi/lib/armv7-m\libcr_c.a(alloc.o)
                0x0000446c                malloc
 .text.free     0x00004538       0x30 c:/nxp/lpcxpresso_7.9.2_493/lpcxpresso/tools/bin/../lib/gcc/arm-none-eabi/4.9.3/../../../../arm-none-eabi/lib/armv7-m\libcr_c.a(alloc.o)
                0x00004538                free
 .text._Csys_alloc
                0x00004568       0x20 c:/nxp/lpcxpresso_7.9.2_493/lpcxpresso/tools/bin/../lib/gcc/arm-none-eabi/4.9.3/../../../../arm-none-eabi/lib/armv7-m\libcr_c.a(alloc.o)
                0x00004568                _Csys_alloc
 .text.fclose   0x00004588       0x6c c:/nxp/lpcxpresso_7.9.2_493/lpcxpresso/tools/bin/../lib/gcc/arm-none-eabi/4.9.3/../../../../arm-none-eabi/lib/armv7-m\libcr_c.a(fclose.o)
                0x00004588                fclose
 .text.fflush   0x000045f4       0x30 c:/nxp/lpcxpresso_7.9.2_493/lpcxpresso/tools/bin/../lib/gcc/arm-none-eabi/4.9.3/../../../../arm-none-eabi/lib/armv7-m\libcr_c.a(fflush.o)
                0x000045f4                fflush
 .text.fseek    0x00004624      0x110 c:/nxp/lpcxpresso_7.9.2_493/lpcxpresso/tools/bin/../lib/gcc/arm-none-eabi/4.9.3/../../../../arm-none-eabi/lib/armv7-m\libcr_c.a(fseek.o)
                0x00004624                fseek
 .text.ftell    0x00004734       0x4c c:/nxp/lpcxpresso_7.9.2_493/lpcxpresso/tools/bin/../lib/gcc/arm-none-eabi/4.9.3/../../../../arm-none-eabi/lib/armv7-m\libcr_c.a(ftell.o)
                0x00004734                ftell
 .text.remove   0x00004780       0x14 c:/nxp/lpcxpresso_7.9.2_493/lpcxpresso/tools/bin/../lib/gcc/arm-none-eabi/4.9.3/../../../../arm-none-eabi/lib/armv7-m\libcr_c.a(remove.o)
                0x00004780                remove
 .text._sbrk    0x00004794       0x40 c:/nxp/lpcxpresso_7.9.2_493/lpcxpresso/tools/bin/../lib/gcc/arm-none-eabi/4.9.3/../../../../arm-none-eabi/lib/armv7-m\libcr_c.a(_cr_sbrk.o)
                0x00004794                _sbrk
 .text._do_fflush
                0x000047d4       0x44 c:/nxp/lpcxpresso_7.9.2_493/lpcxpresso/tools/bin/../lib/gcc/arm-none-eabi/4.9.3/../../../../arm-none-eabi/lib/armv7-m\libcr_c.a(_do_fflush.o)
                0x000047d4                _do_fflush
 .text.__check_heap_overflow
                0x00004818       0x18 c:/nxp/lpcxpresso_7.9.2_493/lpcxpresso/tools/bin/../lib/gcc/arm-none-eabi/4.9.3/../../../../arm-none-eabi/lib/armv7-m\libcr_c.a(_cr_check_heap.o)
                0x00004818                __check_heap_overflow
 .text.__aeabi_division_uldivmod
                0x00004830      0x174 c:/nxp/lpcxpresso_7.9.2_493/lpcxpresso/tools/bin/../lib/gcc/arm-none-eabi/4.9.3/armv7-m\libcr_eabihelpers.a(division_64.o)
                0x00004830                __aeabi_uldivmod
                0x00004834                __bhs_ldivmod1
 .text.__aeabi_division_idiv0
                0x000049a4        0x2 c:/nxp/lpcxpresso_7.9.2_493/lpcxpresso/tools/bin/../lib/gcc/arm-none-eabi/4.9.3/armv7-m\libcr_eabihelpers.a(division_idiv0.o)
                0x000049a4                __aeabi_idiv0
 .text.__aeabi_memcpy
                0x000049a6       0x34 c:/nxp/lpcxpresso_7.9.2_493/lpcxpresso/tools/bin/../lib/gcc/arm-none-eabi/4.9.3/armv7-m\libcr_eabihelpers.a(memcpy.o)
                0x000049a6                __aeabi_memcpy
                0x000049b0                __aeabi_memcpy8
                0x000049b0                __aeabi_memcpy4
 .text.__aeabi_memset_lowlevel
                0x000049da       0x32 c:/nxp/lpcxpresso_7.9.2_493/lpcxpresso/tools/bin/../lib/gcc/arm-none-eabi/4.9.3/armv7-m\libcr_eabihelpers.a(memcpy.o)
                0x000049da                __aeabi_lowlevel_memset
 .text.__sys_appexit
                0x00004a0c        0x2 c:/nxp/lpcxpresso_7.9.2_493/lpcxpresso/tools/bin/../lib/gcc/arm-none-eabi/4.9.3/../../../../arm-none-eabi/lib/armv7-m\libcr_nohost.a(__sys_appexit.o)
                0x00004a0c                __sys_appexit
                0x00004a0c                __exit
 .text.__sys_close
                0x00004a0e        0x6 c:/nxp/lpcxpresso_7.9.2_493/lpcxpresso/tools/bin/../lib/gcc/arm-none-eabi/4.9.3/../../../../arm-none-eabi/lib/armv7-m\libcr_nohost.a(__sys_close.o)
                0x00004a0e                __sys_close
 .text.__sys_flen
                0x00004a14        0x6 c:/nxp/lpcxpresso_7.9.2_493/lpcxpresso/tools/bin/../lib/gcc/arm-none-eabi/4.9.3/../../../../arm-none-eabi/lib/armv7-m\libcr_nohost.a(__sys_flen.o)
                0x00004a14                __sys_flen
 .text.__sys_istty
                0x00004a1a        0x6 c:/nxp/lpcxpresso_7.9.2_493/lpcxpresso/tools/bin/../lib/gcc/arm-none-eabi/4.9.3/../../../../arm-none-eabi/lib/armv7-m\libcr_nohost.a(__sys_istty.o)
                0x00004a1a                __sys_istty
 .text.__sys_remove
                0x00004a20        0x6 c:/nxp/lpcxpresso_7.9.2_493/lpcxpresso/tools/bin/../lib/gcc/arm-none-eabi/4.9.3/../../../../arm-none-eabi/lib/armv7-m\libcr_nohost.a(__sys_remove.o)
                0x00004a20                __sys_remove
 .text.__sys_seek
                0x00004a26        0x6 c:/nxp/lpcxpresso_7.9.2_493/lpcxpresso/tools/bin/../lib/gcc/arm-none-eabi/4.9.3/../../../../arm-none-eabi/lib/armv7-m\libcr_nohost.a(__sys_seek.o)
                0x00004a26                __sys_seek
 .text.__sys_tmpnam
                0x00004a2c        0x6 c:/nxp/lpcxpresso_7.9.2_493/lpcxpresso/tools/bin/../lib/gcc/arm-none-eabi/4.9.3/../../../../arm-none-eabi/lib/armv7-m\libcr_nohost.a(__sys_tmpnam.o)
                0x00004a2c                __sys_tmpnam
 .text.__sys_write
                0x00004a32        0x4 c:/nxp/lpcxpresso_7.9.2_493/lpcxpresso/tools/bin/../lib/gcc/arm-none-eabi/4.9.3/../../../../arm-none-eabi/lib/armv7-m\libcr_nohost.a(__sys_write.o)
                0x00004a32                __sys_write
                0x00004a32                __write
 *(.rodata .rodata.* .constdata .constdata.*)
 *fill*         0x00004a36        0x2 
 .rodata        0x00004a38       0x4f ./Source/FreeRTOS-Products/FreeRTOS/tasks.o
 *fill*         0x00004a87        0x1 
 .rodata.ucExpectedStackBytes.4570
                0x00004a88       0x14 ./Source/FreeRTOS-Products/FreeRTOS/tasks.o
 .rodata        0x00004a9c        0x8 ./Source/FreeRTOS-Products/FreeRTOS/timers.o
 .rodata        0x00004aa4       0x50 ./Source/main.o
 .rodata        0x00004af4       0x18 C:\Users\JABV\Documents\LPCXpresso_7.9.2_493\workspace\lpc17xx.cmsis.driver.library\Debug\liblpc17xx.cmsis.driver.library.a(lpc17xx_adc.o)
 .rodata        0x00004b0c       0x18 C:\Users\JABV\Documents\LPCXpresso_7.9.2_493\workspace\lpc17xx.cmsis.driver.library\Debug\liblpc17xx.cmsis.driver.library.a(lpc17xx_pwm.o)
 .rodata        0x00004b24       0x19 C:\Users\JABV\Documents\LPCXpresso_7.9.2_493\workspace\lpc17xx.cmsis.driver.library\Debug\liblpc17xx.cmsis.driver.library.a(lpc17xx_uart.o)
 .rodata.str1.1
                0x00004b3d        0x4 c:/nxp/lpcxpresso_7.9.2_493/lpcxpresso/tools/bin/../lib/gcc/arm-none-eabi/4.9.3/../../../../arm-none-eabi/lib/armv7-m\libcr_c.a(initio.o)
 .rodata.str1.1
                0x00004b41       0x18 c:/nxp/lpcxpresso_7.9.2_493/lpcxpresso/tools/bin/../lib/gcc/arm-none-eabi/4.9.3/../../../../arm-none-eabi/lib/armv7-m\libcr_c.a(alloc.o)
                0x00004b5c                . = ALIGN (0x4)
 *fill*         0x00004b59        0x3 ff

.glue_7         0x00004b5c        0x0
 .glue_7        0x00000000        0x0 linker stubs

.glue_7t        0x00004b5c        0x0
 .glue_7t       0x00000000        0x0 linker stubs

.vfp11_veneer   0x00004b5c        0x0
 .vfp11_veneer  0x00000000        0x0 linker stubs

.v4_bx          0x00004b5c        0x0
 .v4_bx         0x00000000        0x0 linker stubs

.iplt           0x00004b5c        0x0
 .iplt          0x00000000        0x0 ./Source/FreeRTOS-Products/FreeRTOS/portable/MemMang/heap_2.o

.rel.dyn        0x00004b5c        0x0
 .rel.iplt      0x00000000        0x0 ./Source/FreeRTOS-Products/FreeRTOS/portable/MemMang/heap_2.o

.ARM.extab
 *(.ARM.extab* .gnu.linkonce.armextab.*)
                0x00004b5c                __exidx_start = .

.ARM.exidx
 *(.ARM.exidx* .gnu.linkonce.armexidx.*)
                0x00004b5c                __exidx_end = .
                0x00004b5c                _etext = .

.data_RAM2      0x2007c000        0x0 load address 0x00004b5c
 FILL mask 0xff
                0x2007c000                PROVIDE (__start_data_RAM2, .)
 *(.ramfunc.$RAM2)
 *(.ramfunc.$RamAHB32)
 *(.data.$RAM2*)
 *(.data.$RamAHB32*)
                0x2007c000                . = ALIGN (0x4)
                0x2007c000                PROVIDE (__end_data_RAM2, .)

.uninit_RESERVED
                0x10000000        0x0
 *(.bss.$RESERVED*)
                0x10000000                . = ALIGN (0x4)
                0x10000000                _end_uninit_RESERVED = .

.data           0x10000000       0x10 load address 0x00004b5c
 FILL mask 0xff
                0x10000000                _data = .
 *(vtable)
 *(.ramfunc*)
 *(.data*)
 .data.xFreeBytesRemaining
                0x10000000        0x4 ./Source/FreeRTOS-Products/FreeRTOS/portable/MemMang/heap_2.o
 .data.uxCriticalNesting
                0x10000004        0x4 ./Source/FreeRTOS-Products/FreeRTOS/portable/GCC/ARM_CM3/port.o
 .data.xNextTaskUnblockTime
                0x10000008        0x4 ./Source/FreeRTOS-Products/FreeRTOS/tasks.o
 .data.SystemCoreClock
                0x1000000c        0x4 C:\Users\JABV\Documents\LPCXpresso_7.9.2_493\workspace\CMSISv2p00_LPC17xx\Debug\libCMSISv2p00_LPC17xx.a(system_LPC17xx.o)
                0x1000000c                SystemCoreClock
                0x10000010                . = ALIGN (0x4)
                0x10000010                _edata = .

.igot.plt       0x10000010        0x0 load address 0x00004b6c
 .igot.plt      0x00000000        0x0 ./Source/FreeRTOS-Products/FreeRTOS/portable/MemMang/heap_2.o

.bss_RAM2       0x2007c000        0x0
                0x2007c000                PROVIDE (__start_bss_RAM2, .)
 *(.bss.$RAM2*)
 *(.bss.$RamAHB32*)
                0x2007c000                . = ALIGN ((. != 0x0)?0x4:0x1)
                0x2007c000                PROVIDE (__end_bss_RAM2, .)

.bss            0x10000010     0x3f5c
                0x10000010                _bss = .
 *(.bss*)
 .bss.xHeap     0x10000010     0x3c00 ./Source/FreeRTOS-Products/FreeRTOS/portable/MemMang/heap_2.o
 .bss.xStart    0x10003c10        0x8 ./Source/FreeRTOS-Products/FreeRTOS/portable/MemMang/heap_2.o
 .bss.xEnd      0x10003c18        0x8 ./Source/FreeRTOS-Products/FreeRTOS/portable/MemMang/heap_2.o
 .bss.xHeapHasBeenInitialised.4110
                0x10003c20        0x4 ./Source/FreeRTOS-Products/FreeRTOS/portable/MemMang/heap_2.o
 .bss.pxTxTransferControlStructs
                0x10003c24        0xc ./Source/FreeRTOS-Products/FreeRTOS-Plus-IO/Device/LPC17xx/FreeRTOS_lpc17xx_i2c.o
 .bss.pxRxTransferControlStructs
                0x10003c30        0xc ./Source/FreeRTOS-Products/FreeRTOS-Plus-IO/Device/LPC17xx/FreeRTOS_lpc17xx_i2c.o
 .bss.ucSlaveAddresses
                0x10003c3c        0x3 ./Source/FreeRTOS-Products/FreeRTOS-Plus-IO/Device/LPC17xx/FreeRTOS_lpc17xx_i2c.o
 *fill*         0x10003c3f        0x1 
 .bss.xDataDirection
                0x10003c40        0x3 ./Source/FreeRTOS-Products/FreeRTOS-Plus-IO/Device/LPC17xx/FreeRTOS_lpc17xx_i2c.o
 *fill*         0x10003c43        0x1 
 .bss.xBytesOutstanding
                0x10003c44        0xc ./Source/FreeRTOS-Products/FreeRTOS-Plus-IO/Device/LPC17xx/FreeRTOS_lpc17xx_i2c.o
 .bss.pxTxTransferControlStructs
                0x10003c50        0x8 ./Source/FreeRTOS-Products/FreeRTOS-Plus-IO/Device/LPC17xx/FreeRTOS_lpc17xx_ssp.o
 .bss.pxRxTransferControlStructs
                0x10003c58        0x8 ./Source/FreeRTOS-Products/FreeRTOS-Plus-IO/Device/LPC17xx/FreeRTOS_lpc17xx_ssp.o
 .bss.ulReceiveActive
                0x10003c60        0x8 ./Source/FreeRTOS-Products/FreeRTOS-Plus-IO/Device/LPC17xx/FreeRTOS_lpc17xx_ssp.o
 .bss.pxTxTransferControlStructs
                0x10003c68       0x10 ./Source/FreeRTOS-Products/FreeRTOS-Plus-IO/Device/LPC17xx/FreeRTOS_lpc17xx_uart.o
 .bss.pxRxTransferControlStructs
                0x10003c78       0x10 ./Source/FreeRTOS-Products/FreeRTOS-Plus-IO/Device/LPC17xx/FreeRTOS_lpc17xx_uart.o
 .bss.pxCurrentTCB
                0x10003c88        0x4 ./Source/FreeRTOS-Products/FreeRTOS/tasks.o
                0x10003c88                pxCurrentTCB
 .bss.pxReadyTasksLists
                0x10003c8c       0x8c ./Source/FreeRTOS-Products/FreeRTOS/tasks.o
 .bss.xDelayedTaskList1
                0x10003d18       0x14 ./Source/FreeRTOS-Products/FreeRTOS/tasks.o
 .bss.xDelayedTaskList2
                0x10003d2c       0x14 ./Source/FreeRTOS-Products/FreeRTOS/tasks.o
 .bss.pxDelayedTaskList
                0x10003d40        0x4 ./Source/FreeRTOS-Products/FreeRTOS/tasks.o
 .bss.pxOverflowDelayedTaskList
                0x10003d44        0x4 ./Source/FreeRTOS-Products/FreeRTOS/tasks.o
 .bss.xPendingReadyList
                0x10003d48       0x14 ./Source/FreeRTOS-Products/FreeRTOS/tasks.o
 .bss.xTasksWaitingTermination
                0x10003d5c       0x14 ./Source/FreeRTOS-Products/FreeRTOS/tasks.o
 .bss.uxTasksDeleted
                0x10003d70        0x4 ./Source/FreeRTOS-Products/FreeRTOS/tasks.o
 .bss.xSuspendedTaskList
                0x10003d74       0x14 ./Source/FreeRTOS-Products/FreeRTOS/tasks.o
 .bss.uxCurrentNumberOfTasks
                0x10003d88        0x4 ./Source/FreeRTOS-Products/FreeRTOS/tasks.o
 .bss.xTickCount
                0x10003d8c        0x4 ./Source/FreeRTOS-Products/FreeRTOS/tasks.o
 .bss.uxTopUsedPriority
                0x10003d90        0x4 ./Source/FreeRTOS-Products/FreeRTOS/tasks.o
 .bss.uxTopReadyPriority
                0x10003d94        0x4 ./Source/FreeRTOS-Products/FreeRTOS/tasks.o
 .bss.xSchedulerRunning
                0x10003d98        0x4 ./Source/FreeRTOS-Products/FreeRTOS/tasks.o
 .bss.uxSchedulerSuspended
                0x10003d9c        0x4 ./Source/FreeRTOS-Products/FreeRTOS/tasks.o
 .bss.uxMissedTicks
                0x10003da0        0x4 ./Source/FreeRTOS-Products/FreeRTOS/tasks.o
 .bss.xMissedYield
                0x10003da4        0x4 ./Source/FreeRTOS-Products/FreeRTOS/tasks.o
 .bss.xNumOfOverflows
                0x10003da8        0x4 ./Source/FreeRTOS-Products/FreeRTOS/tasks.o
 .bss.uxTCBNumber
                0x10003dac        0x4 ./Source/FreeRTOS-Products/FreeRTOS/tasks.o
 .bss.ulTaskSwitchedInTime
                0x10003db0        0x4 ./Source/FreeRTOS-Products/FreeRTOS/tasks.o
 .bss.xActiveTimerList1
                0x10003db4       0x14 ./Source/FreeRTOS-Products/FreeRTOS/timers.o
 .bss.xActiveTimerList2
                0x10003dc8       0x14 ./Source/FreeRTOS-Products/FreeRTOS/timers.o
 .bss.pxCurrentTimerList
                0x10003ddc        0x4 ./Source/FreeRTOS-Products/FreeRTOS/timers.o
 .bss.pxOverflowTimerList
                0x10003de0        0x4 ./Source/FreeRTOS-Products/FreeRTOS/timers.o
 .bss.xTimerQueue
                0x10003de4        0x4 ./Source/FreeRTOS-Products/FreeRTOS/timers.o
 .bss.xLastTime.4179
                0x10003de8        0x4 ./Source/FreeRTOS-Products/FreeRTOS/timers.o
 .bss.mcTicks   0x10003dec        0x4 ./Source/main.o
                0x10003dec                mcTicks
 .bss.meSali    0x10003df0        0x1 ./Source/main.o
                0x10003df0                meSali
 .bss.daleReversa
                0x10003df1        0x1 ./Source/main.o
                0x10003df1                daleReversa
 *fill*         0x10003df2        0x2 
 .bss.ulClocksPer10thOfAMilliSecond
                0x10003df4        0x4 ./Source/main.o
 .bss.errno     0x10003df8        0x4 c:/nxp/lpcxpresso_7.9.2_493/lpcxpresso/tools/bin/../lib/gcc/arm-none-eabi/4.9.3/../../../../arm-none-eabi/lib/armv7-m\libcr_c.a(errno.o)
                0x10003df8                errno
 *(COMMON)
 COMMON         0x10003dfc       0x24 ./Source/main.o
                0x10003dfc                x
                0x10003e00                MEM
                0x10003e04                ADCDIFD
                0x10003e08                xTask1Handle
                0x10003e0c                xTaskRevisarHandle
                0x10003e10                visionQueue
                0x10003e14                xTaskBotonHandle
                0x10003e18                ADCDIFI
                0x10003e1c                xTaskBuscarHandle
 COMMON         0x10003e20        0x4 c:/nxp/lpcxpresso_7.9.2_493/lpcxpresso/tools/bin/../lib/gcc/arm-none-eabi/4.9.3/../../../../arm-none-eabi/lib/armv7-m\libcr_c.a(initio.o)
                0x10003e20                _extra
 COMMON         0x10003e24      0x140 c:/nxp/lpcxpresso_7.9.2_493/lpcxpresso/tools/bin/../lib/gcc/arm-none-eabi/4.9.3/../../../../arm-none-eabi/lib/armv7-m\libcr_c.a(stdio.o)
                0x10003e24                __Ciob
 COMMON         0x10003f64        0x8 c:/nxp/lpcxpresso_7.9.2_493/lpcxpresso/tools/bin/../lib/gcc/arm-none-eabi/4.9.3/../../../../arm-none-eabi/lib/armv7-m\libcr_c.a(__init_alloc.o)
                0x10003f64                __heaps
                0x10003f68                __end_of_heap
                0x10003f6c                . = ALIGN (0x4)
                0x10003f6c                _ebss = .
                0x10003f6c                PROVIDE (end, .)

.noinit_RAM2    0x2007c000        0x0
 *(.noinit.$RAM2*)
 *(.noinit.$RamAHB32*)
                0x2007c000                . = ALIGN (0x4)

.noinit         0x10003f6c        0x0
                0x10003f6c                _noinit = .
 *(.noinit*)
                0x10003f6c                . = ALIGN (0x4)
                0x10003f6c                _end_noinit = .
                0x10003f6c                PROVIDE (_pvHeapStart, DEFINED (__user_heap_base)?__user_heap_base:.)
                0x10008000                PROVIDE (_vStackTop, DEFINED (__user_stack_top)?__user_stack_top:(__top_RamLoc32 - 0x0))
                0xefff798a                PROVIDE (__valid_user_code_checksum, (0x0 - ((((((_vStackTop + (ResetISR + 0x1)) + (NMI_Handler + 0x1)) + (HardFault_Handler + 0x1)) + (DEFINED (MemManage_Handler)?MemManage_Handler:0x0 + 0x1)) + (DEFINED (BusFault_Handler)?BusFault_Handler:0x0 + 0x1)) + (DEFINED (UsageFault_Handler)?UsageFault_Handler:0x0 + 0x1))))
OUTPUT(FreeRTOS-Plus-Demo-1.axf elf32-littlearm)

.debug_info     0x00000000     0x9fad
 .debug_info    0x00000000      0x2b8 ./Source/FreeRTOS-Products/FreeRTOS/portable/MemMang/heap_2.o
 .debug_info    0x000002b8      0x1f1 ./Source/FreeRTOS-Products/FreeRTOS/portable/GCC/ARM_CM3/port.o
 .debug_info    0x000004a9      0xe93 ./Source/FreeRTOS-Products/FreeRTOS-Plus-IO/Device/LPC17xx/FreeRTOS_lpc17xx_i2c.o
 .debug_info    0x0000133c      0xc7a ./Source/FreeRTOS-Products/FreeRTOS-Plus-IO/Device/LPC17xx/FreeRTOS_lpc17xx_ssp.o
 .debug_info    0x00001fb6     0x109a ./Source/FreeRTOS-Products/FreeRTOS-Plus-IO/Device/LPC17xx/FreeRTOS_lpc17xx_uart.o
 .debug_info    0x00003050      0x280 ./Source/FreeRTOS-Products/FreeRTOS/list.o
 .debug_info    0x000032d0      0x9c3 ./Source/FreeRTOS-Products/FreeRTOS/queue.o
 .debug_info    0x00003c93     0x10f3 ./Source/FreeRTOS-Products/FreeRTOS/tasks.o
 .debug_info    0x00004d86      0x703 ./Source/FreeRTOS-Products/FreeRTOS/timers.o
 .debug_info    0x00005489      0x360 ./Source/cr_startup_lpc176x.o
 .debug_info    0x000057e9      0xd5e ./Source/main.o
 .debug_info    0x00006547      0x5c1 C:\Users\JABV\Documents\LPCXpresso_7.9.2_493\workspace\lpc17xx.cmsis.driver.library\Debug\liblpc17xx.cmsis.driver.library.a(lpc17xx_adc.o)
 .debug_info    0x00006b08      0x61f C:\Users\JABV\Documents\LPCXpresso_7.9.2_493\workspace\lpc17xx.cmsis.driver.library\Debug\liblpc17xx.cmsis.driver.library.a(lpc17xx_clkpwr.o)
 .debug_info    0x00007127      0xce7 C:\Users\JABV\Documents\LPCXpresso_7.9.2_493\workspace\lpc17xx.cmsis.driver.library\Debug\liblpc17xx.cmsis.driver.library.a(lpc17xx_i2c.o)
 .debug_info    0x00007e0e       0xd3 C:\Users\JABV\Documents\LPCXpresso_7.9.2_493\workspace\lpc17xx.cmsis.driver.library\Debug\liblpc17xx.cmsis.driver.library.a(lpc17xx_libcfg_default.o)
 .debug_info    0x00007ee1      0x455 C:\Users\JABV\Documents\LPCXpresso_7.9.2_493\workspace\lpc17xx.cmsis.driver.library\Debug\liblpc17xx.cmsis.driver.library.a(lpc17xx_pinsel.o)
 .debug_info    0x00008336      0x7a5 C:\Users\JABV\Documents\LPCXpresso_7.9.2_493\workspace\lpc17xx.cmsis.driver.library\Debug\liblpc17xx.cmsis.driver.library.a(lpc17xx_pwm.o)
 .debug_info    0x00008adb     0x11ba C:\Users\JABV\Documents\LPCXpresso_7.9.2_493\workspace\lpc17xx.cmsis.driver.library\Debug\liblpc17xx.cmsis.driver.library.a(lpc17xx_uart.o)
 .debug_info    0x00009c95      0x318 C:\Users\JABV\Documents\LPCXpresso_7.9.2_493\workspace\CMSISv2p00_LPC17xx\Debug\libCMSISv2p00_LPC17xx.a(system_LPC17xx.o)

.debug_abbrev   0x00000000     0x1f07
 .debug_abbrev  0x00000000      0x17c ./Source/FreeRTOS-Products/FreeRTOS/portable/MemMang/heap_2.o
 .debug_abbrev  0x0000017c      0x12e ./Source/FreeRTOS-Products/FreeRTOS/portable/GCC/ARM_CM3/port.o
 .debug_abbrev  0x000002aa      0x21c ./Source/FreeRTOS-Products/FreeRTOS-Plus-IO/Device/LPC17xx/FreeRTOS_lpc17xx_i2c.o
 .debug_abbrev  0x000004c6      0x21b ./Source/FreeRTOS-Products/FreeRTOS-Plus-IO/Device/LPC17xx/FreeRTOS_lpc17xx_ssp.o
 .debug_abbrev  0x000006e1      0x271 ./Source/FreeRTOS-Products/FreeRTOS-Plus-IO/Device/LPC17xx/FreeRTOS_lpc17xx_uart.o
 .debug_abbrev  0x00000952       0xbf ./Source/FreeRTOS-Products/FreeRTOS/list.o
 .debug_abbrev  0x00000a11      0x181 ./Source/FreeRTOS-Products/FreeRTOS/queue.o
 .debug_abbrev  0x00000b92      0x1ec ./Source/FreeRTOS-Products/FreeRTOS/tasks.o
 .debug_abbrev  0x00000d7e      0x178 ./Source/FreeRTOS-Products/FreeRTOS/timers.o
 .debug_abbrev  0x00000ef6      0x141 ./Source/cr_startup_lpc176x.o
 .debug_abbrev  0x00001037      0x2ec ./Source/main.o
 .debug_abbrev  0x00001323      0x163 C:\Users\JABV\Documents\LPCXpresso_7.9.2_493\workspace\lpc17xx.cmsis.driver.library\Debug\liblpc17xx.cmsis.driver.library.a(lpc17xx_adc.o)
 .debug_abbrev  0x00001486      0x1ca C:\Users\JABV\Documents\LPCXpresso_7.9.2_493\workspace\lpc17xx.cmsis.driver.library\Debug\liblpc17xx.cmsis.driver.library.a(lpc17xx_clkpwr.o)
 .debug_abbrev  0x00001650      0x27f C:\Users\JABV\Documents\LPCXpresso_7.9.2_493\workspace\lpc17xx.cmsis.driver.library\Debug\liblpc17xx.cmsis.driver.library.a(lpc17xx_i2c.o)
 .debug_abbrev  0x000018cf       0x6c C:\Users\JABV\Documents\LPCXpresso_7.9.2_493\workspace\lpc17xx.cmsis.driver.library\Debug\liblpc17xx.cmsis.driver.library.a(lpc17xx_libcfg_default.o)
 .debug_abbrev  0x0000193b      0x141 C:\Users\JABV\Documents\LPCXpresso_7.9.2_493\workspace\lpc17xx.cmsis.driver.library\Debug\liblpc17xx.cmsis.driver.library.a(lpc17xx_pinsel.o)
 .debug_abbrev  0x00001a7c      0x194 C:\Users\JABV\Documents\LPCXpresso_7.9.2_493\workspace\lpc17xx.cmsis.driver.library\Debug\liblpc17xx.cmsis.driver.library.a(lpc17xx_pwm.o)
 .debug_abbrev  0x00001c10      0x211 C:\Users\JABV\Documents\LPCXpresso_7.9.2_493\workspace\lpc17xx.cmsis.driver.library\Debug\liblpc17xx.cmsis.driver.library.a(lpc17xx_uart.o)
 .debug_abbrev  0x00001e21       0xe6 C:\Users\JABV\Documents\LPCXpresso_7.9.2_493\workspace\CMSISv2p00_LPC17xx\Debug\libCMSISv2p00_LPC17xx.a(system_LPC17xx.o)

.debug_aranges  0x00000000      0x9f0
 .debug_aranges
                0x00000000       0x38 ./Source/FreeRTOS-Products/FreeRTOS/portable/MemMang/heap_2.o
 .debug_aranges
                0x00000038       0x70 ./Source/FreeRTOS-Products/FreeRTOS/portable/GCC/ARM_CM3/port.o
 .debug_aranges
                0x000000a8       0x58 ./Source/FreeRTOS-Products/FreeRTOS-Plus-IO/Device/LPC17xx/FreeRTOS_lpc17xx_i2c.o
 .debug_aranges
                0x00000100       0x60 ./Source/FreeRTOS-Products/FreeRTOS-Plus-IO/Device/LPC17xx/FreeRTOS_lpc17xx_ssp.o
 .debug_aranges
                0x00000160       0x60 ./Source/FreeRTOS-Products/FreeRTOS-Plus-IO/Device/LPC17xx/FreeRTOS_lpc17xx_uart.o
 .debug_aranges
                0x000001c0       0x40 ./Source/FreeRTOS-Products/FreeRTOS/list.o
 .debug_aranges
                0x00000200       0xe8 ./Source/FreeRTOS-Products/FreeRTOS/queue.o
 .debug_aranges
                0x000002e8      0x178 ./Source/FreeRTOS-Products/FreeRTOS/tasks.o
 .debug_aranges
                0x00000460       0x88 ./Source/FreeRTOS-Products/FreeRTOS/timers.o
 .debug_aranges
                0x000004e8       0x88 ./Source/cr_startup_lpc176x.o
 .debug_aranges
                0x00000570       0xc0 ./Source/main.o
 .debug_aranges
                0x00000630       0x80 C:\Users\JABV\Documents\LPCXpresso_7.9.2_493\workspace\lpc17xx.cmsis.driver.library\Debug\liblpc17xx.cmsis.driver.library.a(lpc17xx_adc.o)
 .debug_aranges
                0x000006b0       0x58 C:\Users\JABV\Documents\LPCXpresso_7.9.2_493\workspace\lpc17xx.cmsis.driver.library\Debug\liblpc17xx.cmsis.driver.library.a(lpc17xx_clkpwr.o)
 .debug_aranges
                0x00000708       0xd0 C:\Users\JABV\Documents\LPCXpresso_7.9.2_493\workspace\lpc17xx.cmsis.driver.library\Debug\liblpc17xx.cmsis.driver.library.a(lpc17xx_i2c.o)
 .debug_aranges
                0x000007d8       0x20 C:\Users\JABV\Documents\LPCXpresso_7.9.2_493\workspace\lpc17xx.cmsis.driver.library\Debug\liblpc17xx.cmsis.driver.library.a(lpc17xx_libcfg_default.o)
 .debug_aranges
                0x000007f8       0x48 C:\Users\JABV\Documents\LPCXpresso_7.9.2_493\workspace\lpc17xx.cmsis.driver.library\Debug\liblpc17xx.cmsis.driver.library.a(lpc17xx_pinsel.o)
 .debug_aranges
                0x00000840       0x88 C:\Users\JABV\Documents\LPCXpresso_7.9.2_493\workspace\lpc17xx.cmsis.driver.library\Debug\liblpc17xx.cmsis.driver.library.a(lpc17xx_pwm.o)
 .debug_aranges
                0x000008c8      0x100 C:\Users\JABV\Documents\LPCXpresso_7.9.2_493\workspace\lpc17xx.cmsis.driver.library\Debug\liblpc17xx.cmsis.driver.library.a(lpc17xx_uart.o)
 .debug_aranges
                0x000009c8       0x28 C:\Users\JABV\Documents\LPCXpresso_7.9.2_493\workspace\CMSISv2p00_LPC17xx\Debug\libCMSISv2p00_LPC17xx.a(system_LPC17xx.o)

.debug_ranges   0x00000000      0x8e0
 .debug_ranges  0x00000000       0x28 ./Source/FreeRTOS-Products/FreeRTOS/portable/MemMang/heap_2.o
 .debug_ranges  0x00000028       0x60 ./Source/FreeRTOS-Products/FreeRTOS/portable/GCC/ARM_CM3/port.o
 .debug_ranges  0x00000088       0x48 ./Source/FreeRTOS-Products/FreeRTOS-Plus-IO/Device/LPC17xx/FreeRTOS_lpc17xx_i2c.o
 .debug_ranges  0x000000d0       0x50 ./Source/FreeRTOS-Products/FreeRTOS-Plus-IO/Device/LPC17xx/FreeRTOS_lpc17xx_ssp.o
 .debug_ranges  0x00000120       0x70 ./Source/FreeRTOS-Products/FreeRTOS-Plus-IO/Device/LPC17xx/FreeRTOS_lpc17xx_uart.o
 .debug_ranges  0x00000190       0x30 ./Source/FreeRTOS-Products/FreeRTOS/list.o
 .debug_ranges  0x000001c0       0xd8 ./Source/FreeRTOS-Products/FreeRTOS/queue.o
 .debug_ranges  0x00000298      0x168 ./Source/FreeRTOS-Products/FreeRTOS/tasks.o
 .debug_ranges  0x00000400       0x78 ./Source/FreeRTOS-Products/FreeRTOS/timers.o
 .debug_ranges  0x00000478       0x78 ./Source/cr_startup_lpc176x.o
 .debug_ranges  0x000004f0       0xb0 ./Source/main.o
 .debug_ranges  0x000005a0       0x70 C:\Users\JABV\Documents\LPCXpresso_7.9.2_493\workspace\lpc17xx.cmsis.driver.library\Debug\liblpc17xx.cmsis.driver.library.a(lpc17xx_adc.o)
 .debug_ranges  0x00000610       0x48 C:\Users\JABV\Documents\LPCXpresso_7.9.2_493\workspace\lpc17xx.cmsis.driver.library\Debug\liblpc17xx.cmsis.driver.library.a(lpc17xx_clkpwr.o)
 .debug_ranges  0x00000658       0xc0 C:\Users\JABV\Documents\LPCXpresso_7.9.2_493\workspace\lpc17xx.cmsis.driver.library\Debug\liblpc17xx.cmsis.driver.library.a(lpc17xx_i2c.o)
 .debug_ranges  0x00000718       0x10 C:\Users\JABV\Documents\LPCXpresso_7.9.2_493\workspace\lpc17xx.cmsis.driver.library\Debug\liblpc17xx.cmsis.driver.library.a(lpc17xx_libcfg_default.o)
 .debug_ranges  0x00000728       0x38 C:\Users\JABV\Documents\LPCXpresso_7.9.2_493\workspace\lpc17xx.cmsis.driver.library\Debug\liblpc17xx.cmsis.driver.library.a(lpc17xx_pinsel.o)
 .debug_ranges  0x00000760       0x78 C:\Users\JABV\Documents\LPCXpresso_7.9.2_493\workspace\lpc17xx.cmsis.driver.library\Debug\liblpc17xx.cmsis.driver.library.a(lpc17xx_pwm.o)
 .debug_ranges  0x000007d8       0xf0 C:\Users\JABV\Documents\LPCXpresso_7.9.2_493\workspace\lpc17xx.cmsis.driver.library\Debug\liblpc17xx.cmsis.driver.library.a(lpc17xx_uart.o)
 .debug_ranges  0x000008c8       0x18 C:\Users\JABV\Documents\LPCXpresso_7.9.2_493\workspace\CMSISv2p00_LPC17xx\Debug\libCMSISv2p00_LPC17xx.a(system_LPC17xx.o)

.debug_macro    0x00000000     0x6f19
 .debug_macro   0x00000000       0xe4 ./Source/FreeRTOS-Products/FreeRTOS/portable/MemMang/heap_2.o
 .debug_macro   0x000000e4      0x874 ./Source/FreeRTOS-Products/FreeRTOS/portable/MemMang/heap_2.o
 .debug_macro   0x00000958       0x10 ./Source/FreeRTOS-Products/FreeRTOS/portable/MemMang/heap_2.o
 .debug_macro   0x00000968      0x12d ./Source/FreeRTOS-Products/FreeRTOS/portable/MemMang/heap_2.o
 .debug_macro   0x00000a95       0x28 ./Source/FreeRTOS-Products/FreeRTOS/portable/MemMang/heap_2.o
 .debug_macro   0x00000abd       0x46 ./Source/FreeRTOS-Products/FreeRTOS/portable/MemMang/heap_2.o
 .debug_macro   0x00000b03      0x5b2 ./Source/FreeRTOS-Products/FreeRTOS/portable/MemMang/heap_2.o
 .debug_macro   0x000010b5      0x15b ./Source/FreeRTOS-Products/FreeRTOS/portable/MemMang/heap_2.o
 .debug_macro   0x00001210       0xa3 ./Source/FreeRTOS-Products/FreeRTOS/portable/MemMang/heap_2.o
 .debug_macro   0x000012b3       0x12 ./Source/FreeRTOS-Products/FreeRTOS/portable/MemMang/heap_2.o
 .debug_macro   0x000012c5       0x1e ./Source/FreeRTOS-Products/FreeRTOS/portable/MemMang/heap_2.o
 .debug_macro   0x000012e3      0x193 ./Source/FreeRTOS-Products/FreeRTOS/portable/MemMang/heap_2.o
 .debug_macro   0x00001476       0x48 ./Source/FreeRTOS-Products/FreeRTOS/portable/MemMang/heap_2.o
 .debug_macro   0x000014be       0x56 ./Source/FreeRTOS-Products/FreeRTOS/portable/MemMang/heap_2.o
 .debug_macro   0x00001514       0xf3 ./Source/FreeRTOS-Products/FreeRTOS/portable/GCC/ARM_CM3/port.o
 .debug_macro   0x00001607       0x16 ./Source/FreeRTOS-Products/FreeRTOS/portable/GCC/ARM_CM3/port.o
 .debug_macro   0x0000161d      0x1a9 ./Source/FreeRTOS-Products/FreeRTOS-Plus-IO/Device/LPC17xx/FreeRTOS_lpc17xx_i2c.o
 .debug_macro   0x000017c6       0x96 ./Source/FreeRTOS-Products/FreeRTOS-Plus-IO/Device/LPC17xx/FreeRTOS_lpc17xx_i2c.o
 .debug_macro   0x0000185c       0x70 ./Source/FreeRTOS-Products/FreeRTOS-Plus-IO/Device/LPC17xx/FreeRTOS_lpc17xx_i2c.o
 .debug_macro   0x000018cc       0x1c ./Source/FreeRTOS-Products/FreeRTOS-Plus-IO/Device/LPC17xx/FreeRTOS_lpc17xx_i2c.o
 .debug_macro   0x000018e8       0x2e ./Source/FreeRTOS-Products/FreeRTOS-Plus-IO/Device/LPC17xx/FreeRTOS_lpc17xx_i2c.o
 .debug_macro   0x00001916       0x18 ./Source/FreeRTOS-Products/FreeRTOS-Plus-IO/Device/LPC17xx/FreeRTOS_lpc17xx_i2c.o
 .debug_macro   0x0000192e      0x7af ./Source/FreeRTOS-Products/FreeRTOS-Plus-IO/Device/LPC17xx/FreeRTOS_lpc17xx_i2c.o
 .debug_macro   0x000020dd      0x2c7 ./Source/FreeRTOS-Products/FreeRTOS-Plus-IO/Device/LPC17xx/FreeRTOS_lpc17xx_i2c.o
 .debug_macro   0x000023a4       0x5d ./Source/FreeRTOS-Products/FreeRTOS-Plus-IO/Device/LPC17xx/FreeRTOS_lpc17xx_i2c.o
 .debug_macro   0x00002401      0x334 ./Source/FreeRTOS-Products/FreeRTOS-Plus-IO/Device/LPC17xx/FreeRTOS_lpc17xx_i2c.o
 .debug_macro   0x00002735      0x2a3 ./Source/FreeRTOS-Products/FreeRTOS-Plus-IO/Device/LPC17xx/FreeRTOS_lpc17xx_i2c.o
 .debug_macro   0x000029d8      0x191 ./Source/FreeRTOS-Products/FreeRTOS-Plus-IO/Device/LPC17xx/FreeRTOS_lpc17xx_i2c.o
 .debug_macro   0x00002b69      0x154 ./Source/FreeRTOS-Products/FreeRTOS-Plus-IO/Device/LPC17xx/FreeRTOS_lpc17xx_i2c.o
 .debug_macro   0x00002cbd       0x2f ./Source/FreeRTOS-Products/FreeRTOS-Plus-IO/Device/LPC17xx/FreeRTOS_lpc17xx_i2c.o
 .debug_macro   0x00002cec       0x1c ./Source/FreeRTOS-Products/FreeRTOS-Plus-IO/Device/LPC17xx/FreeRTOS_lpc17xx_i2c.o
 .debug_macro   0x00002d08       0x29 ./Source/FreeRTOS-Products/FreeRTOS-Plus-IO/Device/LPC17xx/FreeRTOS_lpc17xx_i2c.o
 .debug_macro   0x00002d31      0x13f ./Source/FreeRTOS-Products/FreeRTOS-Plus-IO/Device/LPC17xx/FreeRTOS_lpc17xx_i2c.o
 .debug_macro   0x00002e70      0x1c1 ./Source/FreeRTOS-Products/FreeRTOS-Plus-IO/Device/LPC17xx/FreeRTOS_lpc17xx_ssp.o
 .debug_macro   0x00003031      0x1b5 ./Source/FreeRTOS-Products/FreeRTOS-Plus-IO/Device/LPC17xx/FreeRTOS_lpc17xx_uart.o
 .debug_macro   0x000031e6       0xb6 ./Source/FreeRTOS-Products/FreeRTOS/list.o
 .debug_macro   0x0000329c      0x14c ./Source/FreeRTOS-Products/FreeRTOS/queue.o
 .debug_macro   0x000033e8      0x14c ./Source/FreeRTOS-Products/FreeRTOS/tasks.o
 .debug_macro   0x00003534       0xa0 ./Source/FreeRTOS-Products/FreeRTOS/tasks.o
 .debug_macro   0x000035d4       0x22 ./Source/FreeRTOS-Products/FreeRTOS/tasks.o
 .debug_macro   0x000035f6       0x5b ./Source/FreeRTOS-Products/FreeRTOS/tasks.o
 .debug_macro   0x00003651       0x16 ./Source/FreeRTOS-Products/FreeRTOS/tasks.o
 .debug_macro   0x00003667       0xdf ./Source/FreeRTOS-Products/FreeRTOS/timers.o
 .debug_macro   0x00003746       0x52 ./Source/cr_startup_lpc176x.o
 .debug_macro   0x00003798      0x87a ./Source/cr_startup_lpc176x.o
 .debug_macro   0x00004012      0x190 ./Source/main.o
 .debug_macro   0x000041a2       0xc4 ./Source/main.o
 .debug_macro   0x00004266       0x40 ./Source/main.o
 .debug_macro   0x000042a6       0xeb ./Source/main.o
 .debug_macro   0x00004391       0xe5 ./Source/main.o
 .debug_macro   0x00004476       0x4c ./Source/main.o
 .debug_macro   0x000044c2      0x2f7 ./Source/main.o
 .debug_macro   0x000047b9       0xd3 ./Source/main.o
 .debug_macro   0x0000488c      0x128 C:\Users\JABV\Documents\LPCXpresso_7.9.2_493\workspace\lpc17xx.cmsis.driver.library\Debug\liblpc17xx.cmsis.driver.library.a(lpc17xx_adc.o)
 .debug_macro   0x000049b4      0x86e C:\Users\JABV\Documents\LPCXpresso_7.9.2_493\workspace\lpc17xx.cmsis.driver.library\Debug\liblpc17xx.cmsis.driver.library.a(lpc17xx_adc.o)
 .debug_macro   0x00005222       0x63 C:\Users\JABV\Documents\LPCXpresso_7.9.2_493\workspace\lpc17xx.cmsis.driver.library\Debug\liblpc17xx.cmsis.driver.library.a(lpc17xx_adc.o)
 .debug_macro   0x00005285       0xe5 C:\Users\JABV\Documents\LPCXpresso_7.9.2_493\workspace\lpc17xx.cmsis.driver.library\Debug\liblpc17xx.cmsis.driver.library.a(lpc17xx_adc.o)
 .debug_macro   0x0000536a      0x2f1 C:\Users\JABV\Documents\LPCXpresso_7.9.2_493\workspace\lpc17xx.cmsis.driver.library\Debug\liblpc17xx.cmsis.driver.library.a(lpc17xx_adc.o)
 .debug_macro   0x0000565b      0x161 C:\Users\JABV\Documents\LPCXpresso_7.9.2_493\workspace\lpc17xx.cmsis.driver.library\Debug\liblpc17xx.cmsis.driver.library.a(lpc17xx_adc.o)
 .debug_macro   0x000057bc       0x8d C:\Users\JABV\Documents\LPCXpresso_7.9.2_493\workspace\lpc17xx.cmsis.driver.library\Debug\liblpc17xx.cmsis.driver.library.a(lpc17xx_clkpwr.o)
 .debug_macro   0x00005849       0x1c C:\Users\JABV\Documents\LPCXpresso_7.9.2_493\workspace\lpc17xx.cmsis.driver.library\Debug\liblpc17xx.cmsis.driver.library.a(lpc17xx_clkpwr.o)
 .debug_macro   0x00005865      0x2c7 C:\Users\JABV\Documents\LPCXpresso_7.9.2_493\workspace\lpc17xx.cmsis.driver.library\Debug\liblpc17xx.cmsis.driver.library.a(lpc17xx_clkpwr.o)
 .debug_macro   0x00005b2c      0x131 C:\Users\JABV\Documents\LPCXpresso_7.9.2_493\workspace\lpc17xx.cmsis.driver.library\Debug\liblpc17xx.cmsis.driver.library.a(lpc17xx_i2c.o)
 .debug_macro   0x00005c5d      0x18b C:\Users\JABV\Documents\LPCXpresso_7.9.2_493\workspace\lpc17xx.cmsis.driver.library\Debug\liblpc17xx.cmsis.driver.library.a(lpc17xx_i2c.o)
 .debug_macro   0x00005de8      0x145 C:\Users\JABV\Documents\LPCXpresso_7.9.2_493\workspace\lpc17xx.cmsis.driver.library\Debug\liblpc17xx.cmsis.driver.library.a(lpc17xx_i2c.o)
 .debug_macro   0x00005f2d       0xd3 C:\Users\JABV\Documents\LPCXpresso_7.9.2_493\workspace\lpc17xx.cmsis.driver.library\Debug\liblpc17xx.cmsis.driver.library.a(lpc17xx_libcfg_default.o)
 .debug_macro   0x00006000       0x5d C:\Users\JABV\Documents\LPCXpresso_7.9.2_493\workspace\lpc17xx.cmsis.driver.library\Debug\liblpc17xx.cmsis.driver.library.a(lpc17xx_libcfg_default.o)
 .debug_macro   0x0000605d      0x161 C:\Users\JABV\Documents\LPCXpresso_7.9.2_493\workspace\lpc17xx.cmsis.driver.library\Debug\liblpc17xx.cmsis.driver.library.a(lpc17xx_libcfg_default.o)
 .debug_macro   0x000061be       0x8d C:\Users\JABV\Documents\LPCXpresso_7.9.2_493\workspace\lpc17xx.cmsis.driver.library\Debug\liblpc17xx.cmsis.driver.library.a(lpc17xx_pinsel.o)
 .debug_macro   0x0000624b      0x128 C:\Users\JABV\Documents\LPCXpresso_7.9.2_493\workspace\lpc17xx.cmsis.driver.library\Debug\liblpc17xx.cmsis.driver.library.a(lpc17xx_pwm.o)
 .debug_macro   0x00006373       0xdf C:\Users\JABV\Documents\LPCXpresso_7.9.2_493\workspace\lpc17xx.cmsis.driver.library\Debug\liblpc17xx.cmsis.driver.library.a(lpc17xx_pwm.o)
 .debug_macro   0x00006452      0x128 C:\Users\JABV\Documents\LPCXpresso_7.9.2_493\workspace\lpc17xx.cmsis.driver.library\Debug\liblpc17xx.cmsis.driver.library.a(lpc17xx_uart.o)
 .debug_macro   0x0000657a      0x12b C:\Users\JABV\Documents\LPCXpresso_7.9.2_493\workspace\CMSISv2p00_LPC17xx\Debug\libCMSISv2p00_LPC17xx.a(system_LPC17xx.o)
 .debug_macro   0x000066a5      0x874 C:\Users\JABV\Documents\LPCXpresso_7.9.2_493\workspace\CMSISv2p00_LPC17xx\Debug\libCMSISv2p00_LPC17xx.a(system_LPC17xx.o)

.debug_line     0x00000000     0x6e27
 .debug_line    0x00000000      0x35f ./Source/FreeRTOS-Products/FreeRTOS/portable/MemMang/heap_2.o
 .debug_line    0x0000035f      0x38c ./Source/FreeRTOS-Products/FreeRTOS/portable/GCC/ARM_CM3/port.o
 .debug_line    0x000006eb      0x8a7 ./Source/FreeRTOS-Products/FreeRTOS-Plus-IO/Device/LPC17xx/FreeRTOS_lpc17xx_i2c.o
 .debug_line    0x00000f92      0x843 ./Source/FreeRTOS-Products/FreeRTOS-Plus-IO/Device/LPC17xx/FreeRTOS_lpc17xx_ssp.o
 .debug_line    0x000017d5      0x8da ./Source/FreeRTOS-Products/FreeRTOS-Plus-IO/Device/LPC17xx/FreeRTOS_lpc17xx_uart.o
 .debug_line    0x000020af      0x322 ./Source/FreeRTOS-Products/FreeRTOS/list.o
 .debug_line    0x000023d1      0x6f8 ./Source/FreeRTOS-Products/FreeRTOS/queue.o
 .debug_line    0x00002ac9      0xa16 ./Source/FreeRTOS-Products/FreeRTOS/tasks.o
 .debug_line    0x000034df      0x483 ./Source/FreeRTOS-Products/FreeRTOS/timers.o
 .debug_line    0x00003962      0x205 ./Source/cr_startup_lpc176x.o
 .debug_line    0x00003b67      0x713 ./Source/main.o
 .debug_line    0x0000427a      0x5ec C:\Users\JABV\Documents\LPCXpresso_7.9.2_493\workspace\lpc17xx.cmsis.driver.library\Debug\liblpc17xx.cmsis.driver.library.a(lpc17xx_adc.o)
 .debug_line    0x00004866      0x306 C:\Users\JABV\Documents\LPCXpresso_7.9.2_493\workspace\lpc17xx.cmsis.driver.library\Debug\liblpc17xx.cmsis.driver.library.a(lpc17xx_clkpwr.o)
 .debug_line    0x00004b6c      0x8cd C:\Users\JABV\Documents\LPCXpresso_7.9.2_493\workspace\lpc17xx.cmsis.driver.library\Debug\liblpc17xx.cmsis.driver.library.a(lpc17xx_i2c.o)
 .debug_line    0x00005439      0x341 C:\Users\JABV\Documents\LPCXpresso_7.9.2_493\workspace\lpc17xx.cmsis.driver.library\Debug\liblpc17xx.cmsis.driver.library.a(lpc17xx_libcfg_default.o)
 .debug_line    0x0000577a      0x2a0 C:\Users\JABV\Documents\LPCXpresso_7.9.2_493\workspace\lpc17xx.cmsis.driver.library\Debug\liblpc17xx.cmsis.driver.library.a(lpc17xx_pinsel.o)
 .debug_line    0x00005a1a      0x775 C:\Users\JABV\Documents\LPCXpresso_7.9.2_493\workspace\lpc17xx.cmsis.driver.library\Debug\liblpc17xx.cmsis.driver.library.a(lpc17xx_pwm.o)
 .debug_line    0x0000618f      0xac2 C:\Users\JABV\Documents\LPCXpresso_7.9.2_493\workspace\lpc17xx.cmsis.driver.library\Debug\liblpc17xx.cmsis.driver.library.a(lpc17xx_uart.o)
 .debug_line    0x00006c51      0x1d6 C:\Users\JABV\Documents\LPCXpresso_7.9.2_493\workspace\CMSISv2p00_LPC17xx\Debug\libCMSISv2p00_LPC17xx.a(system_LPC17xx.o)

.debug_str      0x00000000    0x1a100
 .debug_str     0x00000000     0x5f66 ./Source/FreeRTOS-Products/FreeRTOS/portable/MemMang/heap_2.o
                               0x5ff1 (size before relaxing)
 .debug_str     0x00005f66      0x3a2 ./Source/FreeRTOS-Products/FreeRTOS/portable/GCC/ARM_CM3/port.o
                               0x5e63 (size before relaxing)
 .debug_str     0x00006308     0xc57d ./Source/FreeRTOS-Products/FreeRTOS-Plus-IO/Device/LPC17xx/FreeRTOS_lpc17xx_i2c.o
                              0x1209d (size before relaxing)
 .debug_str     0x00012885      0x344 ./Source/FreeRTOS-Products/FreeRTOS-Plus-IO/Device/LPC17xx/FreeRTOS_lpc17xx_ssp.o
                              0x11f3a (size before relaxing)
 .debug_str     0x00012bc9      0x417 ./Source/FreeRTOS-Products/FreeRTOS-Plus-IO/Device/LPC17xx/FreeRTOS_lpc17xx_uart.o
                              0x12223 (size before relaxing)
 .debug_str     0x00012fe0      0x13f ./Source/FreeRTOS-Products/FreeRTOS/list.o
                               0x592c (size before relaxing)
 .debug_str     0x0001311f      0x6b7 ./Source/FreeRTOS-Products/FreeRTOS/queue.o
                               0x6430 (size before relaxing)
 .debug_str     0x000137d6     0x183b ./Source/FreeRTOS-Products/FreeRTOS/tasks.o
                               0x74f6 (size before relaxing)
 .debug_str     0x00015011      0x373 ./Source/FreeRTOS-Products/FreeRTOS/timers.o
                               0x6d39 (size before relaxing)
 .debug_str     0x00015384      0x305 ./Source/cr_startup_lpc176x.o
                               0x3e6b (size before relaxing)
 .debug_str     0x00015689     0x32d4 ./Source/main.o
                               0xdde9 (size before relaxing)
 .debug_str     0x0001895d      0x2f3 C:\Users\JABV\Documents\LPCXpresso_7.9.2_493\workspace\lpc17xx.cmsis.driver.library\Debug\liblpc17xx.cmsis.driver.library.a(lpc17xx_adc.o)
                               0xbb69 (size before relaxing)
 .debug_str     0x00018c50      0x1d2 C:\Users\JABV\Documents\LPCXpresso_7.9.2_493\workspace\lpc17xx.cmsis.driver.library\Debug\liblpc17xx.cmsis.driver.library.a(lpc17xx_clkpwr.o)
                               0x92f4 (size before relaxing)
 .debug_str     0x00018e22      0x325 C:\Users\JABV\Documents\LPCXpresso_7.9.2_493\workspace\lpc17xx.cmsis.driver.library\Debug\liblpc17xx.cmsis.driver.library.a(lpc17xx_i2c.o)
                               0xc4f1 (size before relaxing)
 .debug_str     0x00019147       0x35 C:\Users\JABV\Documents\LPCXpresso_7.9.2_493\workspace\lpc17xx.cmsis.driver.library\Debug\liblpc17xx.cmsis.driver.library.a(lpc17xx_libcfg_default.o)
                               0x5db3 (size before relaxing)
 .debug_str     0x0001917c      0x205 C:\Users\JABV\Documents\LPCXpresso_7.9.2_493\workspace\lpc17xx.cmsis.driver.library\Debug\liblpc17xx.cmsis.driver.library.a(lpc17xx_pinsel.o)
                               0x856c (size before relaxing)
 .debug_str     0x00019381      0x323 C:\Users\JABV\Documents\LPCXpresso_7.9.2_493\workspace\lpc17xx.cmsis.driver.library\Debug\liblpc17xx.cmsis.driver.library.a(lpc17xx_pwm.o)
                               0xbdad (size before relaxing)
 .debug_str     0x000196a4      0x737 C:\Users\JABV\Documents\LPCXpresso_7.9.2_493\workspace\lpc17xx.cmsis.driver.library\Debug\liblpc17xx.cmsis.driver.library.a(lpc17xx_uart.o)
                               0xd231 (size before relaxing)
 .debug_str     0x00019ddb      0x325 C:\Users\JABV\Documents\LPCXpresso_7.9.2_493\workspace\CMSISv2p00_LPC17xx\Debug\libCMSISv2p00_LPC17xx.a(system_LPC17xx.o)
                               0x80fb (size before relaxing)

.comment        0x00000000       0x70
 .comment       0x00000000       0x70 ./Source/FreeRTOS-Products/FreeRTOS/portable/MemMang/heap_2.o
                                 0x71 (size before relaxing)
 .comment       0x00000000       0x71 ./Source/FreeRTOS-Products/FreeRTOS/portable/GCC/ARM_CM3/port.o
 .comment       0x00000000       0x71 ./Source/FreeRTOS-Products/FreeRTOS-Plus-IO/Device/LPC17xx/FreeRTOS_lpc17xx_i2c.o
 .comment       0x00000000       0x71 ./Source/FreeRTOS-Products/FreeRTOS-Plus-IO/Device/LPC17xx/FreeRTOS_lpc17xx_ssp.o
 .comment       0x00000000       0x71 ./Source/FreeRTOS-Products/FreeRTOS-Plus-IO/Device/LPC17xx/FreeRTOS_lpc17xx_uart.o
 .comment       0x00000000       0x71 ./Source/FreeRTOS-Products/FreeRTOS/list.o
 .comment       0x00000000       0x71 ./Source/FreeRTOS-Products/FreeRTOS/queue.o
 .comment       0x00000000       0x71 ./Source/FreeRTOS-Products/FreeRTOS/tasks.o
 .comment       0x00000000       0x71 ./Source/FreeRTOS-Products/FreeRTOS/timers.o
 .comment       0x00000000       0x71 ./Source/cr_startup_lpc176x.o
 .comment       0x00000000       0x71 ./Source/main.o
 .comment       0x00000000       0x71 C:\Users\JABV\Documents\LPCXpresso_7.9.2_493\workspace\lpc17xx.cmsis.driver.library\Debug\liblpc17xx.cmsis.driver.library.a(lpc17xx_adc.o)
 .comment       0x00000000       0x71 C:\Users\JABV\Documents\LPCXpresso_7.9.2_493\workspace\lpc17xx.cmsis.driver.library\Debug\liblpc17xx.cmsis.driver.library.a(lpc17xx_clkpwr.o)
 .comment       0x00000000       0x71 C:\Users\JABV\Documents\LPCXpresso_7.9.2_493\workspace\lpc17xx.cmsis.driver.library\Debug\liblpc17xx.cmsis.driver.library.a(lpc17xx_i2c.o)
 .comment       0x00000000       0x71 C:\Users\JABV\Documents\LPCXpresso_7.9.2_493\workspace\lpc17xx.cmsis.driver.library\Debug\liblpc17xx.cmsis.driver.library.a(lpc17xx_libcfg_default.o)
 .comment       0x00000000       0x71 C:\Users\JABV\Documents\LPCXpresso_7.9.2_493\workspace\lpc17xx.cmsis.driver.library\Debug\liblpc17xx.cmsis.driver.library.a(lpc17xx_pinsel.o)
 .comment       0x00000000       0x71 C:\Users\JABV\Documents\LPCXpresso_7.9.2_493\workspace\lpc17xx.cmsis.driver.library\Debug\liblpc17xx.cmsis.driver.library.a(lpc17xx_pwm.o)
 .comment       0x00000000       0x71 C:\Users\JABV\Documents\LPCXpresso_7.9.2_493\workspace\lpc17xx.cmsis.driver.library\Debug\liblpc17xx.cmsis.driver.library.a(lpc17xx_uart.o)
 .comment       0x00000000       0x71 C:\Users\JABV\Documents\LPCXpresso_7.9.2_493\workspace\CMSISv2p00_LPC17xx\Debug\libCMSISv2p00_LPC17xx.a(system_LPC17xx.o)
 .comment       0x00000000       0x71 c:/nxp/lpcxpresso_7.9.2_493/lpcxpresso/tools/bin/../lib/gcc/arm-none-eabi/4.9.3/../../../../arm-none-eabi/lib/armv7-m\libcr_nohost.a(_cr__main.o)
 .comment       0x00000000       0x71 c:/nxp/lpcxpresso_7.9.2_493/lpcxpresso/tools/bin/../lib/gcc/arm-none-eabi/4.9.3/../../../../arm-none-eabi/lib/armv7-m\libcr_c.a(memcpy.o)
 .comment       0x00000000       0x71 c:/nxp/lpcxpresso_7.9.2_493/lpcxpresso/tools/bin/../lib/gcc/arm-none-eabi/4.9.3/../../../../arm-none-eabi/lib/armv7-m\libcr_c.a(memset.o)
 .comment       0x00000000       0x71 c:/nxp/lpcxpresso_7.9.2_493/lpcxpresso/tools/bin/../lib/gcc/arm-none-eabi/4.9.3/../../../../arm-none-eabi/lib/armv7-m\libcr_c.a(initio.o)
 .comment       0x00000000       0x71 c:/nxp/lpcxpresso_7.9.2_493/lpcxpresso/tools/bin/../lib/gcc/arm-none-eabi/4.9.3/../../../../arm-none-eabi/lib/armv7-m\libcr_c.a(memcmp.o)
 .comment       0x00000000       0x71 c:/nxp/lpcxpresso_7.9.2_493/lpcxpresso/tools/bin/../lib/gcc/arm-none-eabi/4.9.3/../../../../arm-none-eabi/lib/armv7-m\libcr_c.a(setvbuf.o)
 .comment       0x00000000       0x71 c:/nxp/lpcxpresso_7.9.2_493/lpcxpresso/tools/bin/../lib/gcc/arm-none-eabi/4.9.3/../../../../arm-none-eabi/lib/armv7-m\libcr_c.a(stdio.o)
 .comment       0x00000000       0x71 c:/nxp/lpcxpresso_7.9.2_493/lpcxpresso/tools/bin/../lib/gcc/arm-none-eabi/4.9.3/../../../../arm-none-eabi/lib/armv7-m\libcr_c.a(strlen.o)
 .comment       0x00000000       0x71 c:/nxp/lpcxpresso_7.9.2_493/lpcxpresso/tools/bin/../lib/gcc/arm-none-eabi/4.9.3/../../../../arm-none-eabi/lib/armv7-m\libcr_c.a(strncpy.o)
 .comment       0x00000000       0x71 c:/nxp/lpcxpresso_7.9.2_493/lpcxpresso/tools/bin/../lib/gcc/arm-none-eabi/4.9.3/../../../../arm-none-eabi/lib/armv7-m\libcr_c.a(_deferredlazyseek.o)
 .comment       0x00000000       0x71 c:/nxp/lpcxpresso_7.9.2_493/lpcxpresso/tools/bin/../lib/gcc/arm-none-eabi/4.9.3/../../../../arm-none-eabi/lib/armv7-m\libcr_c.a(_fdopen.o)
 .comment       0x00000000       0x71 c:/nxp/lpcxpresso_7.9.2_493/lpcxpresso/tools/bin/../lib/gcc/arm-none-eabi/4.9.3/../../../../arm-none-eabi/lib/armv7-m\libcr_c.a(_fflush.o)
 .comment       0x00000000       0x71 c:/nxp/lpcxpresso_7.9.2_493/lpcxpresso/tools/bin/../lib/gcc/arm-none-eabi/4.9.3/../../../../arm-none-eabi/lib/armv7-m\libcr_c.a(_writebuf.o)
 .comment       0x00000000       0x71 c:/nxp/lpcxpresso_7.9.2_493/lpcxpresso/tools/bin/../lib/gcc/arm-none-eabi/4.9.3/../../../../arm-none-eabi/lib/armv7-m\libcr_c.a(alloc.o)
 .comment       0x00000000       0x71 c:/nxp/lpcxpresso_7.9.2_493/lpcxpresso/tools/bin/../lib/gcc/arm-none-eabi/4.9.3/../../../../arm-none-eabi/lib/armv7-m\libcr_c.a(fclose.o)
 .comment       0x00000000       0x71 c:/nxp/lpcxpresso_7.9.2_493/lpcxpresso/tools/bin/../lib/gcc/arm-none-eabi/4.9.3/../../../../arm-none-eabi/lib/armv7-m\libcr_c.a(fflush.o)
 .comment       0x00000000       0x71 c:/nxp/lpcxpresso_7.9.2_493/lpcxpresso/tools/bin/../lib/gcc/arm-none-eabi/4.9.3/../../../../arm-none-eabi/lib/armv7-m\libcr_c.a(fseek.o)
 .comment       0x00000000       0x71 c:/nxp/lpcxpresso_7.9.2_493/lpcxpresso/tools/bin/../lib/gcc/arm-none-eabi/4.9.3/../../../../arm-none-eabi/lib/armv7-m\libcr_c.a(ftell.o)
 .comment       0x00000000       0x71 c:/nxp/lpcxpresso_7.9.2_493/lpcxpresso/tools/bin/../lib/gcc/arm-none-eabi/4.9.3/../../../../arm-none-eabi/lib/armv7-m\libcr_c.a(remove.o)
 .comment       0x00000000       0x71 c:/nxp/lpcxpresso_7.9.2_493/lpcxpresso/tools/bin/../lib/gcc/arm-none-eabi/4.9.3/../../../../arm-none-eabi/lib/armv7-m\libcr_c.a(__init_alloc.o)
 .comment       0x00000000       0x71 c:/nxp/lpcxpresso_7.9.2_493/lpcxpresso/tools/bin/../lib/gcc/arm-none-eabi/4.9.3/../../../../arm-none-eabi/lib/armv7-m\libcr_c.a(_cr_sbrk.o)
 .comment       0x00000000       0x71 c:/nxp/lpcxpresso_7.9.2_493/lpcxpresso/tools/bin/../lib/gcc/arm-none-eabi/4.9.3/../../../../arm-none-eabi/lib/armv7-m\libcr_c.a(_do_fflush.o)
 .comment       0x00000000       0x71 c:/nxp/lpcxpresso_7.9.2_493/lpcxpresso/tools/bin/../lib/gcc/arm-none-eabi/4.9.3/../../../../arm-none-eabi/lib/armv7-m\libcr_c.a(errno.o)
 .comment       0x00000000       0x71 c:/nxp/lpcxpresso_7.9.2_493/lpcxpresso/tools/bin/../lib/gcc/arm-none-eabi/4.9.3/../../../../arm-none-eabi/lib/armv7-m\libcr_c.a(_cr_check_heap.o)
 .comment       0x00000000       0x71 c:/nxp/lpcxpresso_7.9.2_493/lpcxpresso/tools/bin/../lib/gcc/arm-none-eabi/4.9.3/../../../../arm-none-eabi/lib/armv7-m\libcr_nohost.a(__sys_appexit.o)
 .comment       0x00000000       0x71 c:/nxp/lpcxpresso_7.9.2_493/lpcxpresso/tools/bin/../lib/gcc/arm-none-eabi/4.9.3/../../../../arm-none-eabi/lib/armv7-m\libcr_nohost.a(__sys_close.o)
 .comment       0x00000000       0x71 c:/nxp/lpcxpresso_7.9.2_493/lpcxpresso/tools/bin/../lib/gcc/arm-none-eabi/4.9.3/../../../../arm-none-eabi/lib/armv7-m\libcr_nohost.a(__sys_flen.o)
 .comment       0x00000000       0x71 c:/nxp/lpcxpresso_7.9.2_493/lpcxpresso/tools/bin/../lib/gcc/arm-none-eabi/4.9.3/../../../../arm-none-eabi/lib/armv7-m\libcr_nohost.a(__sys_istty.o)
 .comment       0x00000000       0x71 c:/nxp/lpcxpresso_7.9.2_493/lpcxpresso/tools/bin/../lib/gcc/arm-none-eabi/4.9.3/../../../../arm-none-eabi/lib/armv7-m\libcr_nohost.a(__sys_remove.o)
 .comment       0x00000000       0x71 c:/nxp/lpcxpresso_7.9.2_493/lpcxpresso/tools/bin/../lib/gcc/arm-none-eabi/4.9.3/../../../../arm-none-eabi/lib/armv7-m\libcr_nohost.a(__sys_seek.o)
 .comment       0x00000000       0x71 c:/nxp/lpcxpresso_7.9.2_493/lpcxpresso/tools/bin/../lib/gcc/arm-none-eabi/4.9.3/../../../../arm-none-eabi/lib/armv7-m\libcr_nohost.a(__sys_tmpnam.o)
 .comment       0x00000000       0x71 c:/nxp/lpcxpresso_7.9.2_493/lpcxpresso/tools/bin/../lib/gcc/arm-none-eabi/4.9.3/../../../../arm-none-eabi/lib/armv7-m\libcr_nohost.a(__sys_write.o)

.ARM.attributes
                0x00000000       0x31
 .ARM.attributes
                0x00000000       0x33 ./Source/FreeRTOS-Products/FreeRTOS/portable/MemMang/heap_2.o
 .ARM.attributes
                0x00000033       0x33 ./Source/FreeRTOS-Products/FreeRTOS/portable/GCC/ARM_CM3/port.o
 .ARM.attributes
                0x00000066       0x33 ./Source/FreeRTOS-Products/FreeRTOS-Plus-IO/Device/LPC17xx/FreeRTOS_lpc17xx_i2c.o
 .ARM.attributes
                0x00000099       0x33 ./Source/FreeRTOS-Products/FreeRTOS-Plus-IO/Device/LPC17xx/FreeRTOS_lpc17xx_ssp.o
 .ARM.attributes
                0x000000cc       0x33 ./Source/FreeRTOS-Products/FreeRTOS-Plus-IO/Device/LPC17xx/FreeRTOS_lpc17xx_uart.o
 .ARM.attributes
                0x000000ff       0x33 ./Source/FreeRTOS-Products/FreeRTOS/list.o
 .ARM.attributes
                0x00000132       0x33 ./Source/FreeRTOS-Products/FreeRTOS/queue.o
 .ARM.attributes
                0x00000165       0x33 ./Source/FreeRTOS-Products/FreeRTOS/tasks.o
 .ARM.attributes
                0x00000198       0x33 ./Source/FreeRTOS-Products/FreeRTOS/timers.o
 .ARM.attributes
                0x000001cb       0x33 ./Source/cr_startup_lpc176x.o
 .ARM.attributes
                0x000001fe       0x33 ./Source/main.o
 .ARM.attributes
                0x00000231       0x33 C:\Users\JABV\Documents\LPCXpresso_7.9.2_493\workspace\lpc17xx.cmsis.driver.library\Debug\liblpc17xx.cmsis.driver.library.a(lpc17xx_adc.o)
 .ARM.attributes
                0x00000264       0x33 C:\Users\JABV\Documents\LPCXpresso_7.9.2_493\workspace\lpc17xx.cmsis.driver.library\Debug\liblpc17xx.cmsis.driver.library.a(lpc17xx_clkpwr.o)
 .ARM.attributes
                0x00000297       0x33 C:\Users\JABV\Documents\LPCXpresso_7.9.2_493\workspace\lpc17xx.cmsis.driver.library\Debug\liblpc17xx.cmsis.driver.library.a(lpc17xx_i2c.o)
 .ARM.attributes
                0x000002ca       0x33 C:\Users\JABV\Documents\LPCXpresso_7.9.2_493\workspace\lpc17xx.cmsis.driver.library\Debug\liblpc17xx.cmsis.driver.library.a(lpc17xx_libcfg_default.o)
 .ARM.attributes
                0x000002fd       0x33 C:\Users\JABV\Documents\LPCXpresso_7.9.2_493\workspace\lpc17xx.cmsis.driver.library\Debug\liblpc17xx.cmsis.driver.library.a(lpc17xx_pinsel.o)
 .ARM.attributes
                0x00000330       0x33 C:\Users\JABV\Documents\LPCXpresso_7.9.2_493\workspace\lpc17xx.cmsis.driver.library\Debug\liblpc17xx.cmsis.driver.library.a(lpc17xx_pwm.o)
 .ARM.attributes
                0x00000363       0x33 C:\Users\JABV\Documents\LPCXpresso_7.9.2_493\workspace\lpc17xx.cmsis.driver.library\Debug\liblpc17xx.cmsis.driver.library.a(lpc17xx_uart.o)
 .ARM.attributes
                0x00000396       0x33 C:\Users\JABV\Documents\LPCXpresso_7.9.2_493\workspace\CMSISv2p00_LPC17xx\Debug\libCMSISv2p00_LPC17xx.a(system_LPC17xx.o)
 .ARM.attributes
                0x000003c9       0x33 c:/nxp/lpcxpresso_7.9.2_493/lpcxpresso/tools/bin/../lib/gcc/arm-none-eabi/4.9.3/../../../../arm-none-eabi/lib/armv7-m\libcr_nohost.a(_cr__main.o)
 .ARM.attributes
                0x000003fc       0x33 c:/nxp/lpcxpresso_7.9.2_493/lpcxpresso/tools/bin/../lib/gcc/arm-none-eabi/4.9.3/../../../../arm-none-eabi/lib/armv7-m\libcr_c.a(memcpy.o)
 .ARM.attributes
                0x0000042f       0x33 c:/nxp/lpcxpresso_7.9.2_493/lpcxpresso/tools/bin/../lib/gcc/arm-none-eabi/4.9.3/../../../../arm-none-eabi/lib/armv7-m\libcr_c.a(memset.o)
 .ARM.attributes
                0x00000462       0x33 c:/nxp/lpcxpresso_7.9.2_493/lpcxpresso/tools/bin/../lib/gcc/arm-none-eabi/4.9.3/../../../../arm-none-eabi/lib/armv7-m\libcr_c.a(initio.o)
 .ARM.attributes
                0x00000495       0x33 c:/nxp/lpcxpresso_7.9.2_493/lpcxpresso/tools/bin/../lib/gcc/arm-none-eabi/4.9.3/../../../../arm-none-eabi/lib/armv7-m\libcr_c.a(memcmp.o)
 .ARM.attributes
                0x000004c8       0x33 c:/nxp/lpcxpresso_7.9.2_493/lpcxpresso/tools/bin/../lib/gcc/arm-none-eabi/4.9.3/../../../../arm-none-eabi/lib/armv7-m\libcr_c.a(setvbuf.o)
 .ARM.attributes
                0x000004fb       0x33 c:/nxp/lpcxpresso_7.9.2_493/lpcxpresso/tools/bin/../lib/gcc/arm-none-eabi/4.9.3/../../../../arm-none-eabi/lib/armv7-m\libcr_c.a(stdio.o)
 .ARM.attributes
                0x0000052e       0x33 c:/nxp/lpcxpresso_7.9.2_493/lpcxpresso/tools/bin/../lib/gcc/arm-none-eabi/4.9.3/../../../../arm-none-eabi/lib/armv7-m\libcr_c.a(strlen.o)
 .ARM.attributes
                0x00000561       0x33 c:/nxp/lpcxpresso_7.9.2_493/lpcxpresso/tools/bin/../lib/gcc/arm-none-eabi/4.9.3/../../../../arm-none-eabi/lib/armv7-m\libcr_c.a(strncpy.o)
 .ARM.attributes
                0x00000594       0x33 c:/nxp/lpcxpresso_7.9.2_493/lpcxpresso/tools/bin/../lib/gcc/arm-none-eabi/4.9.3/../../../../arm-none-eabi/lib/armv7-m\libcr_c.a(_deferredlazyseek.o)
 .ARM.attributes
                0x000005c7       0x33 c:/nxp/lpcxpresso_7.9.2_493/lpcxpresso/tools/bin/../lib/gcc/arm-none-eabi/4.9.3/../../../../arm-none-eabi/lib/armv7-m\libcr_c.a(_fdopen.o)
 .ARM.attributes
                0x000005fa       0x33 c:/nxp/lpcxpresso_7.9.2_493/lpcxpresso/tools/bin/../lib/gcc/arm-none-eabi/4.9.3/../../../../arm-none-eabi/lib/armv7-m\libcr_c.a(_fflush.o)
 .ARM.attributes
                0x0000062d       0x33 c:/nxp/lpcxpresso_7.9.2_493/lpcxpresso/tools/bin/../lib/gcc/arm-none-eabi/4.9.3/../../../../arm-none-eabi/lib/armv7-m\libcr_c.a(_writebuf.o)
 .ARM.attributes
                0x00000660       0x33 c:/nxp/lpcxpresso_7.9.2_493/lpcxpresso/tools/bin/../lib/gcc/arm-none-eabi/4.9.3/../../../../arm-none-eabi/lib/armv7-m\libcr_c.a(alloc.o)
 .ARM.attributes
                0x00000693       0x33 c:/nxp/lpcxpresso_7.9.2_493/lpcxpresso/tools/bin/../lib/gcc/arm-none-eabi/4.9.3/../../../../arm-none-eabi/lib/armv7-m\libcr_c.a(fclose.o)
 .ARM.attributes
                0x000006c6       0x33 c:/nxp/lpcxpresso_7.9.2_493/lpcxpresso/tools/bin/../lib/gcc/arm-none-eabi/4.9.3/../../../../arm-none-eabi/lib/armv7-m\libcr_c.a(fflush.o)
 .ARM.attributes
                0x000006f9       0x33 c:/nxp/lpcxpresso_7.9.2_493/lpcxpresso/tools/bin/../lib/gcc/arm-none-eabi/4.9.3/../../../../arm-none-eabi/lib/armv7-m\libcr_c.a(fseek.o)
 .ARM.attributes
                0x0000072c       0x33 c:/nxp/lpcxpresso_7.9.2_493/lpcxpresso/tools/bin/../lib/gcc/arm-none-eabi/4.9.3/../../../../arm-none-eabi/lib/armv7-m\libcr_c.a(ftell.o)
 .ARM.attributes
                0x0000075f       0x33 c:/nxp/lpcxpresso_7.9.2_493/lpcxpresso/tools/bin/../lib/gcc/arm-none-eabi/4.9.3/../../../../arm-none-eabi/lib/armv7-m\libcr_c.a(remove.o)
 .ARM.attributes
                0x00000792       0x33 c:/nxp/lpcxpresso_7.9.2_493/lpcxpresso/tools/bin/../lib/gcc/arm-none-eabi/4.9.3/../../../../arm-none-eabi/lib/armv7-m\libcr_c.a(__init_alloc.o)
 .ARM.attributes
                0x000007c5       0x33 c:/nxp/lpcxpresso_7.9.2_493/lpcxpresso/tools/bin/../lib/gcc/arm-none-eabi/4.9.3/../../../../arm-none-eabi/lib/armv7-m\libcr_c.a(_cr_sbrk.o)
 .ARM.attributes
                0x000007f8       0x33 c:/nxp/lpcxpresso_7.9.2_493/lpcxpresso/tools/bin/../lib/gcc/arm-none-eabi/4.9.3/../../../../arm-none-eabi/lib/armv7-m\libcr_c.a(_do_fflush.o)
 .ARM.attributes
                0x0000082b       0x33 c:/nxp/lpcxpresso_7.9.2_493/lpcxpresso/tools/bin/../lib/gcc/arm-none-eabi/4.9.3/../../../../arm-none-eabi/lib/armv7-m\libcr_c.a(errno.o)
 .ARM.attributes
                0x0000085e       0x33 c:/nxp/lpcxpresso_7.9.2_493/lpcxpresso/tools/bin/../lib/gcc/arm-none-eabi/4.9.3/../../../../arm-none-eabi/lib/armv7-m\libcr_c.a(_cr_check_heap.o)
 .ARM.attributes
                0x00000891       0x21 c:/nxp/lpcxpresso_7.9.2_493/lpcxpresso/tools/bin/../lib/gcc/arm-none-eabi/4.9.3/armv7-m\libcr_eabihelpers.a(division_64.o)
 .ARM.attributes
                0x000008b2       0x21 c:/nxp/lpcxpresso_7.9.2_493/lpcxpresso/tools/bin/../lib/gcc/arm-none-eabi/4.9.3/armv7-m\libcr_eabihelpers.a(division_idiv0.o)
 .ARM.attributes
                0x000008d3       0x21 c:/nxp/lpcxpresso_7.9.2_493/lpcxpresso/tools/bin/../lib/gcc/arm-none-eabi/4.9.3/armv7-m\libcr_eabihelpers.a(memcpy.o)
 .ARM.attributes
                0x000008f4       0x33 c:/nxp/lpcxpresso_7.9.2_493/lpcxpresso/tools/bin/../lib/gcc/arm-none-eabi/4.9.3/../../../../arm-none-eabi/lib/armv7-m\libcr_nohost.a(__sys_appexit.o)
 .ARM.attributes
                0x00000927       0x33 c:/nxp/lpcxpresso_7.9.2_493/lpcxpresso/tools/bin/../lib/gcc/arm-none-eabi/4.9.3/../../../../arm-none-eabi/lib/armv7-m\libcr_nohost.a(__sys_close.o)
 .ARM.attributes
                0x0000095a       0x33 c:/nxp/lpcxpresso_7.9.2_493/lpcxpresso/tools/bin/../lib/gcc/arm-none-eabi/4.9.3/../../../../arm-none-eabi/lib/armv7-m\libcr_nohost.a(__sys_flen.o)
 .ARM.attributes
                0x0000098d       0x33 c:/nxp/lpcxpresso_7.9.2_493/lpcxpresso/tools/bin/../lib/gcc/arm-none-eabi/4.9.3/../../../../arm-none-eabi/lib/armv7-m\libcr_nohost.a(__sys_istty.o)
 .ARM.attributes
                0x000009c0       0x33 c:/nxp/lpcxpresso_7.9.2_493/lpcxpresso/tools/bin/../lib/gcc/arm-none-eabi/4.9.3/../../../../arm-none-eabi/lib/armv7-m\libcr_nohost.a(__sys_remove.o)
 .ARM.attributes
                0x000009f3       0x33 c:/nxp/lpcxpresso_7.9.2_493/lpcxpresso/tools/bin/../lib/gcc/arm-none-eabi/4.9.3/../../../../arm-none-eabi/lib/armv7-m\libcr_nohost.a(__sys_seek.o)
 .ARM.attributes
                0x00000a26       0x33 c:/nxp/lpcxpresso_7.9.2_493/lpcxpresso/tools/bin/../lib/gcc/arm-none-eabi/4.9.3/../../../../arm-none-eabi/lib/armv7-m\libcr_nohost.a(__sys_tmpnam.o)
 .ARM.attributes
                0x00000a59       0x33 c:/nxp/lpcxpresso_7.9.2_493/lpcxpresso/tools/bin/../lib/gcc/arm-none-eabi/4.9.3/../../../../arm-none-eabi/lib/armv7-m\libcr_nohost.a(__sys_write.o)

.debug_frame    0x00000000     0x2530
 .debug_frame   0x00000000       0x98 ./Source/FreeRTOS-Products/FreeRTOS/portable/MemMang/heap_2.o
 .debug_frame   0x00000098      0x148 ./Source/FreeRTOS-Products/FreeRTOS/portable/GCC/ARM_CM3/port.o
 .debug_frame   0x000001e0      0x144 ./Source/FreeRTOS-Products/FreeRTOS-Plus-IO/Device/LPC17xx/FreeRTOS_lpc17xx_i2c.o
 .debug_frame   0x00000324      0x164 ./Source/FreeRTOS-Products/FreeRTOS-Plus-IO/Device/LPC17xx/FreeRTOS_lpc17xx_ssp.o